eefs {5: [-0.1491, 0.0075, 0.2633], 16: [-0.0548, -0.051, 0.2498], 24: [0.0023, -0.1243, 0.2161]}
5to16 changed 5080
 occupancy y,x cells of change
    0   .   .   .   .   .  76 221 243 234 209  31   .   .   .   .   .
   16   .   .   .   .   .   . 117 250 203 170   .   .   .   .   .   .
   32   .   .   .   .   .   . 240 215 195 187 154   .   .   .   .   .
   48   .   .   .   .   .   . 142 145 166 229 180   .   .   .   .   .
   64   .   .   .   .   .   .   . 116 111 134 113   .   .   .   .   .
   80   .   .   .   .   .   .  32  32   .  28   .   .  31   .   .   .
   96   .   .   .   .   .   .  64  79   .   .   .  67  84   .   .   .
  112   .   .   .   .   .   .  99 117   .   .   . 104  79   .   .   .
  128   .   .   .   .   .   .   .   .   .   .   .  61  33   .   .   .
16to24 changed 5634
 occupancy y,x cells of change
    0   .   .   .   .   .   . 179 252 233 228 228 181   .   .   .   .
   16   .   .   .   .   .   .  74 174 233 240 240 165   .   .   .   .
   32   .   .   .   .   .   .   . 120 242 228 227 100   .   .   .   .
   48   .   .   .   .   .   .   . 168 186 198 192 160  77   .   .   .
   64   .   .   .   .   .   .   . 107 145 227 153 181  83   .   .   .
   80   .   .   .   .   .   .   .   .  52 102  60 121  36   .   .   .
ketchup red centroid 149.40816326530611 94.61224489795919 bbox 143 3 192 110
step 5 white n=21155 centroid 105.6,203.1 lowest row 255 at x 0
   tip-ish mean x 88.4 y 255.0
step 16 white n=21126 centroid 105.7,203.6 lowest row 255 at x 0
   tip-ish mean x 88.4 y 255.0
step 24 white n=21545 centroid 106.9,200.2 lowest row 255 at x 0
   tip-ish mean x 88.4 y 255.0
