OPEN wrist lower half, #=dark R=red .=floor
140 ###+..................................................................
144 ......................................................................
148 ......................................................................
152 ...........................+##############............................
156 .........................+#################+..........................
160 .........................###################..........................
164 ........................#####################.........................
168 ........................###########++++#+++##.........................
172 ........................################+++##.........................
176 ........................########++++++###++##.........................
180 .........................########+++++####+#+.........................
184 .........................+###RRRRRRRRRRRR###..........................
188 ..........................#RRRRRRRRRRRRRRR+...........................
192 .........................++RRRRRRRRRRRRRRRR+..........................
196 ###......................RRRRRRRRRRRRRRRRRRR.....................+####
200 ++#+.....................RR+RRRRRRRRRRRRRR+R.....................###+#
204 ++#.......................RRRRRR++++++RRRRR+.....................+####
208 +##........................RRRRRRRRRRRRRRRR......................+####
212 #+#.........................RRRRRRRRRRRRR+.......................#####
216 ######################################################################
220 ++++++++++++++++++++++++++++++++++++++++++++++++++++++++++++++++++++++
224 ++++++++++++++++++++++++++++++++++++++++++++++++++++++++++++++++++++++
228 ++++++++++++++++++++++++++++++++++++++++++++++++++++++++++++++++++++++
232 ++++++++++++++++++++++++++++++++++++++++++++++++++++++++++++++++++++++
236 ++++++++++++++++++++++++++++++++++++++++++++++++++++++++++++++++++++++
240 ++++++++++++++++++++++++++++++++++++++++++++++++++++++++++++++++++++++
244 ++++++++++++++++++++++++++++++++++++++++++++++++++++++++++++++++++++++
248 ++++++++++++++++++++++++++++++++++++++++++++++++++++++++++++++++++++++
252 ++++++++++++++++++++++++++++++++++++++++++++++++++++++++++++++++++++++
--- CLOSED now ---
140 #######...............................................................
144 ###+..................................................................
148 ......................................................................
152 .............................+###########.............................
156 ...........................################...........................
160 ..........................##################..........................
164 ..........................##################+.........................
168 .........................+###########++#+++##.........................
172 .........................+#########+####+++##.........................
176 ..........................################+#+.........................
180 ..........................+####+RRRRRRRR####..........................
184 ...........................+#+RRRRRRRRRRRR#...........................
188 ...........................+RRRRRRRRRRRRRRRR..........................
192 ...........................+RRRRRRRRRRRRRRRR..........................
196 ......................############R############.......................
200 .....................############+R############+......................
204 ....................#############+R#############......................
208 ...............+#######+++.......+R.......+++#######+.................
212 ............########++++++.......+........+++++++#######+.............
216 ######################################################################
220 ++++++++++++++++++++++++++++++++++++++++++++++++++++++++++++++++++++++
224 ++++++++++++++++++++++++++++++++++++++++++++++++++++++++++++++++++++++
228 ++++++++++++++++++++++++++++++++++++++++++++++++++++++++++++++++++++++
232 ++++++++++++++++++++++++++++++++++++++++++++++++++++++++++++++++++++++
236 ++++++++++++++++++++++++++++++++++++++++++++++++++++++++++++++++++++++
240 ++++++++++++++++++++++++++++++++++++++++++++++++++++++++++++++++++++++
244 ++++++++++++++++++++++++++++++++++++++++++++++++++++++++++++++++++++++
248 ++++++++++++++++++++++++++++++++++++++++++++++++++++++++++++++++++++++
252 ++++++++++++++++++++++++++++++++++++++++++++++++++++++++++++++++++++++
