dark 2697
centroid 143.92213570634038 83.8587319243604 bbox 18 0 202 159
 y0: n=206 x 123-187 mean 162
 y8: n=177 x 121-186 mean 149
 y16: n=154 x 57-189 mean 132
 y24: n=231 x 103-189 mean 130
 y32: n=241 x 122-188 mean 140
 y40: n=72 x 128-186 mean 149
 y48: n=14 x 138-191 mean 160
 y56: n=35 x 138-196 mean 177
 y64: n=40 x 186-196 mean 191
 y72: n=19 x 136-196 mean 186
 y88: n=73 x 107-187 mean 146
 y96: n=119 x 107-197 mean 135
 y104: n=79 x 29-198 mean 136
 y112: n=185 x 26-198 mean 131
 y120: n=274 x 20-198 mean 134
 y128: n=129 x 18-197 mean 133
 y136: n=148 x 22-195 mean 123
 y144: n=290 x 21-202 mean 160
 y152: n=211 x 25-201 mean 160
newfinger 1754
centroid 149.17787913340936 54.181299885974916 bbox 70 0 198 150
lowest mean 185.6 132.96666666666667
newmetal 2805
bbox 87 0 201 134 centroid 152.45490196078433 46.99465240641711
  y94: n=27 xmean=194 188-199
  y102: n=14 xmean=158 106-198
  y106: n=28 xmean=152 105-199
  y110: n=23 xmean=140 104-199
ketchup 148.36111111111111 96.16666666666667 bbox 143 93 155 99
