mask 3857
occupancy (count of salient px per 16 cell), y down, x right
  0   .   .   .   .   .   . 146 155  21   .  24   .   .   .   .   .
 16   .   .   .   .   .   . 101 176  40  30   .   .   .   .   .   .
 32   .   .   .   .   .   .   .  32   .  15  57   .   .   .   .   .
 48   .   .   .   .   .   .   .  27  10   .  43   .   .   .   .   .
 64   .   .   .   .   .   .   .  16  10  14   9   .   .   .   .   .
 80   .   .   .   .   .   .  13  17  13  53   .   .   .   .   .   .
 96   .  12  89  72  52   .  47  66  11 162   .  47  38   .   .   .
112   .  46  70  58  80   .  61 102  10  95   . 113  93   .   .   .
128   .  41  35  40  92   .   .  11   .  90  53  60  38   .   .   .
144   .  20  55  26  50   .   .   .   . 135  76 168 150   .   .   .
160   .   .   .   .   .   .   .  66   .   .   . 133 101   .   .   .
176   .   .   .   .   .   .   .  26   .   .   .   .   .   .   .   .
192   .   .   .   .   .   .   .   .   .   .   .   .   .   .   .   .
208   .   .   .   .   .   .   .   .   .   .   .   .   .   .   .   .
224   .   .   .   .   .   .   .   .   .   .   .   .   .   .   .   .
240   .   .   .   .   .   .   .   .   .   .   .   .   .   .   .   .

wrist red n 252
wrist red centroid 88.80952380952381 85.53571428571429 bbox 5 75 99 194
  y64: n=55 xmean=90 xrange 83-97
  y80: n=194 xmean=90 xrange 81-99
wrist grn 0
wrist dark 3361 centroid 102.60666468313002
