NOW cap 115 cent (178,124) bbox 132,11-255,191
NOW
150 ........................++###++.............................
154 ...................################+........................
158 .................####################.......................
162 ................#####################+......................
166 ...............+########++++++++###+++......................
170 ...............###++#+++++++++++++RR++......................
174 ...............##++++#########+++RR+++......................
178 ...............##++####+++++####+R++++......................
182 ...............#####+########+####R+++......................
186 ...............+####++++++++++####+++.......................
190 ................#++...++++++...+++#+........................
194 ...............++..+++++++++++++.++.........................
198 ..............+..+++++++++++++++++++........................
202 ..............+....+++++++++++++++.+........................
206 .............+..++++++++++++++++++++........................
210 ..............+.++++++++++++++++++.+........................
214 ++++++++++++++++++++++++++++++++++++++++++++++++++++++++++++
218 ############################################################
222 ++++++++++++++++++++++++++++++++++++++++++++++++++++++++++++
226 ++++++++++++++++++++++++++++++++++++++++++++++++++++++++++++
OK50 cap 193 cent (196,109) bbox 130,28-255,202
OK50
150 ............................................................
154 ............................................................
158 ......................+########+............................
162 ..................#################.........................
166 .................###################........................
170 ................####################........................
174 ...............####################++.......................
178 ...............#####+++++++++++++++++.......................
182 ..............+##+++++++++++++++RRR++.......................
186 ...............##+++##########RRR++++.......................
190 ...............##+#####++++#####R+++........................
194 ...............#####+++##+++#####R++........................
198 ................#######+++++#####++.........................
202 ................##+..........+++#+..........................
206 ...............#+..+++++++++++..++..........................
210 ..............++.+++++++++++++++.+..........................
214 ++++++++++++++++++++++++++++++++++++++++++++++++++++++++++++
218 ############################################################
222 #########+++++++++++++++++++++++++++++++++++++++++++++++++++
226 ++++++++++++++++++++++++++++++++++++++++++++++++++++++++++++
