y\x      90      98     106     114     122     130     138     146     154     162
150 178,171,163|184,175,166|201,191,181|193,183,174|201,191,182|193,183,174|186,176,167|198,188,179|180,170,161|181,171,162|
154 178,171,163|182,173,164|196,186,176|190,180,171|197,187,178|191,181,172|186,176,167|195,185,176|179,169,160|183,173,164|
158 178,171,163|188,178,169|189,180,172|191,182,175|200,191,183|190,180,171|194,183,174|196,184,175|175,165,156|175,166,158|
162 178,171,164|189,179,170|192,184,177|196,189,183|199,190,183|194,184,175|201,188,179|201,188,179|174,164,155|183,174,167|
166 178,170,163|193,183,174|192,184,177|201,194,188|198,189,182|196,186,177|205,192,183|203,190,181|170,160,151|173,164,157|
170 177,170,162|192,182,173|190,182,175|193,186,180|198,189,182|202,192,183|203,190,181|199,186,177|173,163,154|176,167,160|
174 180,173,165|195,185,176|189,180,173|193,186,180|194,185,178|206,196,187|206,193,184|185,172,163|184,174,165|189,180,173|
178 181,174,166|195,185,176|189,181,174|192,185,179| 31,  5,  1| 29, 19, 21| 38,  6,  1|197,184,175|183,173,164|188,179,172|
182 181,174,166|193,183,174|188,179,173| 16,  3,  0| 28, 16,  1| 33, 21,  1| 36,  5,  1| 61, 49, 43|184,174,165|178,169,162|
186 183,175,167|189,179,170|186,177,170| 22, 13,  1| 27, 19, 12| 31, 17, 14| 35, 13,  7| 19,  6,  1|185,175,166|181,172,165|
190 183,176,167|190,180,170|189,180,174| 20, 14,  4| 27, 23,  5| 31, 23,  0| 36, 19, 12| 26, 17,  1|186,176,166|186,176,167|
194 182,174,164|194,184,174|185,176,169| 18,  6,  1| 28, 18, 11| 31, 21,  8| 35, 20, 16| 21,  8,  1|190,180,170|180,170,161|
198 185,177,168|192,182,172|191,182,175| 13,  6,  1| 29, 24,  0| 30, 26,  1| 33, 22,  1| 35, 29, 25|197,187,177|178,168,159|
202 186,177,168|188,178,168|191,182,175| 24, 13,  5| 18,  8,  0| 20,  8,  1| 24,  8,  1| 51, 36, 22|199,189,179|182,172,163|
206 186,178,169|185,175,165|183,174,167| 29, 16,  6| 34, 14,  1| 40, 10,  4| 42, 13,  3| 45, 22,  3|199,189,179|192,182,173|
210 189,181,171|189,179,169|181,173,166| 28, 12,  1| 38, 12,  1| 33, 11,  2| 36, 14,  2| 46, 16,  2|196,186,176|185,175,166|
214 108,104,100|105,100, 95|105,101, 98| 27, 16, 13| 21, 16, 13| 29, 18, 13| 27, 18, 13| 35, 19, 14|110,104,100|104,100, 95|
218  44, 44, 44| 44, 44, 44| 44, 44, 44| 44, 44, 44| 44, 44, 44| 44, 44, 44| 44, 44, 44| 44, 44, 44| 44, 44, 44| 44, 44, 44|
score>30 97
cent 137.84536082474227 199.23711340206185 bbox 126 178 146 213 maxscore 35
brown 2
cent 150.0 211.5 bbox 150 211 150 212
