==== NOW z0.124
140 .......................................................
143 .......................................................
146 .......................................................
149 .......................................................
152 .......................................................
155 .......................................................
158 ..............+#############+..........................
161 ...........#####################.......................
164 ..........#######################......................
167 .........########################R.....................
170 ........##########################.....................
173 .......############################....................
176 ......#############################....................
179 ......############################+R...................
182 .....#########+#################++R+...................
185 .....#####################+++#++RRR+...................
188 ....+######+++++++++++RRRRR+RRRRRRR+...................
191 ....#####++#++++RRR+RRRRRRRRRRRRRRRR...................
194 ....####+++++RRRRRRRRRRRRRRRRRRRRRRR...................
197 ....####+++#RR#########+RRRRRRRRRRRR...................
200 ....###+++R###############+RRRRRRRRR...................
203 ....###++R##################RRRRRRRR...................
206 ....###++####################RRRRRRR...................
209 ....#############++###########RRRRR....................
212 ....##########++++++++#########RRRR....................
215 #######################################################
218 #######################################################
221 #######################################################
224 #######################################################
227 #######################################################
==== SUCCESS z0.13
140 .......................................................
143 .......................................................
146 .......................................................
149 .......................................................
152 ...............###########R............................
155 ...........###################.........................
158 .........######################+.......................
161 ........########################.......................
164 .......##########################......................
167 ......###########################......................
170 .....###########################+R.....................
173 ....+#########################++R+.....................
176 ....##########++++++++++++#++RRRR+.....................
179 ....######+++RRRRR+RRRRRRRRRRRRRR+.....................
182 ...+###+++++RRRRRRRRRRRRRRRRRRRRRR.....................
185 ...####++++RR########RRRRRRRRRRRRR.....................
188 ...###+++R##############RRRRRRRRRR.....................
191 ...###++##################RRRRRRR+.....................
194 ...###R####################RRRRRR+.....................
197 ...##+######+++++++#########RRRRR......................
200 ...#######+++++++++++########RRR+......................
203 ...R#####+++++++++++++#######RRRR......................
206 ....###+#####################+RR.......................
209 ...###########################R........................
212 ..#########+++++++############R........................
215 #######################################################
218 #######################################################
221 #######################################################
224 #######################################################
227 #######################################################
