wrist
100 ........................................................................................##
104 .......................................................................................+##
108 .......................................................................................+##
112 .......................................................................................+##
116 .......................................................................................###
120 .......................................................................................###
124 ###########+...........................................................................###
128 ##########+++++........................................................................###
132 ###++##########+#......................................................................###
136 +###+++###########.....................................................................###
140 +++#############++#....................................................................###
144 ++++##+++##+#######......................................................................+
148 +++++##+++#########.......................................................................
152 ++++++##+##########.......................................................................
156 +++++++#++########........................................................................
160 +++++++++########.........................................................................
164 +++++++++######+..........................................................................
168 +++++++++####.............................................................................
172 ++++++++##+...............................................................................
176 ++++++##.................................+######+.........................................
180 ++++#+...............................################.....................................
184 ++#.................................##################....................................
188 #..................................+##################+...................................
192 ...................................####################...................................
196 #############.....................+####################+...................#############+.
200 ##########++##....................###################+##...................###############
204 ##########++#.....................##################++##...................+##############
208 .......+##++#.....................+############++#++++##...................+#####.......++
212 .......+####++.....................###############++++#+...................######.......++
216 ##########################################################################################
220 ++++++++++++++++++++++++++++++++++++++++++++++++++++++++++++++++++++++++++++++++++++++++++
224 ++++++++++++++++++++++++++++++++++++++++++++++++++++++++++++++++++++++++++++++++++++++++++
228 ++++++++++++++++++++++++++++++++++++++++++++++++++++++++++++++++++++++++++++++++++++++++++
232 ++++++++++++++++++++++++++++++++++++++++++++++++++++++++++++++++++++++++++++++++++++++++++
236 ++++++++++++++++++++++++++++++++++++++++++++++++++++++++++++++++++++++++++++++++++++++++++
240 ++++++++++++++++++++++++++++++++++++++++++++++++++++++++++++++++++++++++++++++++++++++++++
244 ++++++++++++++++++++++++++++++++++++++++++++++++++++++++++++++++++++++++++++++++++++++++++
248 ++++++++++++++++++++++++++++++++++++++++++++++++++++++++++++++++++++++++++++++++++++++++++
252 ++++++++++++++++++++++++++++++++++++++++++++++++++++++++++++++++++++++++++++++++++++++++++
agent red 15 (145.3, 94.3)
bbox 143 93 147 96
