wrote /home/chener/LIBERO/astra_eval/viz/data.js episodes 39
  a1 status=harness moves=2 steps=27 close=0 empty=0 blocked=0 nsteps=4 nctrl=0
  a2 status=fail moves=24 steps=373 close=4 empty=4 blocked=2 nsteps=26 nctrl=0
  a3 status=aborted moves=1 steps=17 close=0 empty=0 blocked=1 nsteps=2 nctrl=0
  a4 status=fail moves=27 steps=426 close=3 empty=3 blocked=8 nsteps=29 nctrl=0
  a5 status=success moves=29 steps=466 close=3 empty=0 blocked=2 nsteps=31 nctrl=0
  a6 status=fail moves=28 steps=377 close=6 empty=0 blocked=1 nsteps=30 nctrl=0
  a7 status=aborted moves=7 steps=125 close=0 empty=0 blocked=0 nsteps=8 nctrl=0
  a8 status=fail moves=30 steps=391 close=5 empty=2 blocked=2 nsteps=32 nctrl=0
  a9 status=fail moves=26 steps=302 close=8 empty=0 blocked=0 nsteps=28 nctrl=0
  a10 status=fail moves=30 steps=321 close=1 empty=0 blocked=0 nsteps=32 nctrl=0
  a11 status=aborted moves=17 steps=210 close=0 empty=0 blocked=3 nsteps=18 nctrl=210
  a12 status=fail moves=30 steps=372 close=6 empty=0 blocked=3 nsteps=32 nctrl=372
  a13 status=fail moves=15 steps=136 close=0 empty=0 blocked=0 nsteps=17 nctrl=136
  a14 status=aborted moves=0 steps=5 close=0 empty=0 blocked=0 nsteps=1 nctrl=5
  a15 status=fail moves=12 steps=166 close=2 empty=0 blocked=0 nsteps=14 nctrl=166
  a16 status=success moves=19 steps=198 close=3 empty=1 blocked=0 nsteps=21 nctrl=198
  a17 status=fail moves=25 steps=263 close=6 empty=2 blocked=0 nsteps=27 nctrl=263
  a18 status=fail moves=19 steps=455 close=2 empty=0 blocked=1 nsteps=20 nctrl=455
  a19 status=fail moves=25 steps=264 close=5 empty=2 blocked=0 nsteps=27 nctrl=264
  a20 status=success moves=21 steps=232 close=6 empty=2 blocked=0 nsteps=23 nctrl=232
  a21 status=fail moves=22 steps=193 close=2 empty=0 blocked=0 nsteps=24 nctrl=193
  a22 status=fail moves=20 steps=175 close=2 empty=0 blocked=0 nsteps=22 nctrl=175
  a23 status=fail moves=23 steps=207 close=2 empty=0 blocked=0 nsteps=25 nctrl=207
  a24 status=success moves=20 steps=186 close=4 empty=0 blocked=0 nsteps=22 nctrl=186
  a25 status=fail moves=24 steps=224 close=5 empty=0 blocked=0 nsteps=26 nctrl=224
  a26 status=success moves=25 steps=246 close=4 empty=1 blocked=0 nsteps=27 nctrl=246
  a27 status=success moves=20 steps=200 close=8 empty=0 blocked=0 nsteps=22 nctrl=200
  a28 status=fail moves=25 steps=334 close=4 empty=0 blocked=2 nsteps=27 nctrl=334
  a29 status=success moves=15 steps=145 close=4 empty=0 blocked=0 nsteps=17 nctrl=145
  a30 status=fail moves=24 steps=221 close=2 empty=0 blocked=0 nsteps=26 nctrl=221
  a31 status=success moves=21 steps=192 close=4 empty=0 blocked=0 nsteps=23 nctrl=192
  a32 status=fail moves=24 steps=239 close=4 empty=1 blocked=0 nsteps=25 nctrl=239
  a33 status=success moves=20 steps=188 close=4 empty=0 blocked=0 nsteps=22 nctrl=188
  a34 status=success moves=19 steps=177 close=4 empty=0 blocked=0 nsteps=21 nctrl=177
  a35 status=fail moves=25 steps=399 close=2 empty=1 blocked=3 nsteps=27 nctrl=399
  a36 status=fail moves=25 steps=371 close=1 empty=1 blocked=4 nsteps=27 nctrl=371
  a37 status=success moves=15 steps=145 close=4 empty=0 blocked=0 nsteps=17 nctrl=145
  a38 status=success moves=18 steps=183 close=4 empty=1 blocked=0 nsteps=20 nctrl=183
  a39 status=fail moves=25 steps=312 close=6 empty=2 blocked=2 nsteps=27 nctrl=312
wrote /home/chener/LIBERO/astra_eval/viz/data.js episodes 42
  a1 status=harness moves=2 steps=27 close=0 empty=0 blocked=0 nsteps=4 nctrl=0
  a2 status=fail moves=24 steps=373 close=4 empty=4 blocked=2 nsteps=26 nctrl=0
  a3 status=aborted moves=1 steps=17 close=0 empty=0 blocked=1 nsteps=2 nctrl=0
  a4 status=fail moves=27 steps=426 close=3 empty=3 blocked=8 nsteps=29 nctrl=0
  a5 status=success moves=29 steps=466 close=3 empty=0 blocked=2 nsteps=31 nctrl=0
  a6 status=fail moves=28 steps=377 close=6 empty=0 blocked=1 nsteps=30 nctrl=0
  a7 status=aborted moves=7 steps=125 close=0 empty=0 blocked=0 nsteps=8 nctrl=0
  a8 status=fail moves=30 steps=391 close=5 empty=2 blocked=2 nsteps=32 nctrl=0
  a9 status=fail moves=26 steps=302 close=8 empty=0 blocked=0 nsteps=28 nctrl=0
  a10 status=fail moves=30 steps=321 close=1 empty=0 blocked=0 nsteps=32 nctrl=0
  a11 status=aborted moves=17 steps=210 close=0 empty=0 blocked=3 nsteps=18 nctrl=210
  a12 status=fail moves=30 steps=372 close=6 empty=0 blocked=3 nsteps=32 nctrl=372
  a13 status=fail moves=15 steps=136 close=0 empty=0 blocked=0 nsteps=17 nctrl=136
  a14 status=aborted moves=0 steps=5 close=0 empty=0 blocked=0 nsteps=1 nctrl=5
  a15 status=fail moves=12 steps=166 close=2 empty=0 blocked=0 nsteps=14 nctrl=166
  a16 status=success moves=19 steps=198 close=3 empty=1 blocked=0 nsteps=21 nctrl=198
  a17 status=fail moves=25 steps=263 close=6 empty=2 blocked=0 nsteps=27 nctrl=263
  a18 status=fail moves=19 steps=455 close=2 empty=0 blocked=1 nsteps=20 nctrl=455
  a19 status=fail moves=25 steps=264 close=5 empty=2 blocked=0 nsteps=27 nctrl=264
  a20 status=success moves=21 steps=232 close=6 empty=2 blocked=0 nsteps=23 nctrl=232
  a21 status=fail moves=22 steps=193 close=2 empty=0 blocked=0 nsteps=24 nctrl=193
  a22 status=fail moves=20 steps=175 close=2 empty=0 blocked=0 nsteps=22 nctrl=175
  a23 status=fail moves=23 steps=207 close=2 empty=0 blocked=0 nsteps=25 nctrl=207
  a24 status=success moves=20 steps=186 close=4 empty=0 blocked=0 nsteps=22 nctrl=186
  a25 status=fail moves=24 steps=224 close=5 empty=0 blocked=0 nsteps=26 nctrl=224
  a26 status=success moves=25 steps=246 close=4 empty=1 blocked=0 nsteps=27 nctrl=246
  a27 status=success moves=20 steps=200 close=8 empty=0 blocked=0 nsteps=22 nctrl=200
  a28 status=fail moves=25 steps=334 close=4 empty=0 blocked=2 nsteps=27 nctrl=334
  a29 status=success moves=15 steps=145 close=4 empty=0 blocked=0 nsteps=17 nctrl=145
  a30 status=fail moves=24 steps=221 close=2 empty=0 blocked=0 nsteps=26 nctrl=221
  a31 status=success moves=21 steps=192 close=4 empty=0 blocked=0 nsteps=23 nctrl=192
  a32 status=fail moves=24 steps=239 close=4 empty=1 blocked=0 nsteps=25 nctrl=239
  a33 status=success moves=20 steps=188 close=4 empty=0 blocked=0 nsteps=22 nctrl=188
  a34 status=success moves=19 steps=177 close=4 empty=0 blocked=0 nsteps=21 nctrl=177
  a35 status=fail moves=25 steps=399 close=2 empty=1 blocked=3 nsteps=27 nctrl=399
  a36 status=fail moves=25 steps=371 close=1 empty=1 blocked=4 nsteps=27 nctrl=371
  a37 status=success moves=15 steps=145 close=4 empty=0 blocked=0 nsteps=17 nctrl=145
  a38 status=success moves=18 steps=183 close=4 empty=1 blocked=0 nsteps=20 nctrl=183
  a39 status=fail moves=25 steps=312 close=6 empty=2 blocked=2 nsteps=27 nctrl=312
  a40 status=fail moves=36 steps=372 close=6 empty=2 blocked=0 nsteps=38 nctrl=372
  a41 status=fail moves=40 steps=422 close=3 empty=0 blocked=2 nsteps=42 nctrl=422
  a42 status=fail moves=30 steps=345 close=3 empty=0 blocked=1 nsteps=32 nctrl=345
wrote /home/chener/LIBERO/astra_eval/viz/data.js episodes 43
  a1 status=harness moves=2 steps=27 close=0 empty=0 blocked=0 nsteps=4 nctrl=0
  a2 status=fail moves=24 steps=373 close=4 empty=4 blocked=2 nsteps=26 nctrl=0
  a3 status=aborted moves=1 steps=17 close=0 empty=0 blocked=1 nsteps=2 nctrl=0
  a4 status=fail moves=27 steps=426 close=3 empty=3 blocked=8 nsteps=29 nctrl=0
  a5 status=success moves=29 steps=466 close=3 empty=0 blocked=2 nsteps=31 nctrl=0
  a6 status=fail moves=28 steps=377 close=6 empty=0 blocked=1 nsteps=30 nctrl=0
  a7 status=aborted moves=7 steps=125 close=0 empty=0 blocked=0 nsteps=8 nctrl=0
  a8 status=fail moves=30 steps=391 close=5 empty=2 blocked=2 nsteps=32 nctrl=0
  a9 status=fail moves=26 steps=302 close=8 empty=0 blocked=0 nsteps=28 nctrl=0
  a10 status=fail moves=30 steps=321 close=1 empty=0 blocked=0 nsteps=32 nctrl=0
  a11 status=aborted moves=17 steps=210 close=0 empty=0 blocked=3 nsteps=18 nctrl=210
  a12 status=fail moves=30 steps=372 close=6 empty=0 blocked=3 nsteps=32 nctrl=372
  a13 status=fail moves=15 steps=136 close=0 empty=0 blocked=0 nsteps=17 nctrl=136
  a14 status=aborted moves=0 steps=5 close=0 empty=0 blocked=0 nsteps=1 nctrl=5
  a15 status=fail moves=12 steps=166 close=2 empty=0 blocked=0 nsteps=14 nctrl=166
  a16 status=success moves=19 steps=198 close=3 empty=1 blocked=0 nsteps=21 nctrl=198
  a17 status=fail moves=25 steps=263 close=6 empty=2 blocked=0 nsteps=27 nctrl=263
  a18 status=fail moves=19 steps=455 close=2 empty=0 blocked=1 nsteps=20 nctrl=455
  a19 status=fail moves=25 steps=264 close=5 empty=2 blocked=0 nsteps=27 nctrl=264
  a20 status=success moves=21 steps=232 close=6 empty=2 blocked=0 nsteps=23 nctrl=232
  a21 status=fail moves=22 steps=193 close=2 empty=0 blocked=0 nsteps=24 nctrl=193
  a22 status=fail moves=20 steps=175 close=2 empty=0 blocked=0 nsteps=22 nctrl=175
  a23 status=fail moves=23 steps=207 close=2 empty=0 blocked=0 nsteps=25 nctrl=207
  a24 status=success moves=20 steps=186 close=4 empty=0 blocked=0 nsteps=22 nctrl=186
  a25 status=fail moves=24 steps=224 close=5 empty=0 blocked=0 nsteps=26 nctrl=224
  a26 status=success moves=25 steps=246 close=4 empty=1 blocked=0 nsteps=27 nctrl=246
  a27 status=success moves=20 steps=200 close=8 empty=0 blocked=0 nsteps=22 nctrl=200
  a28 status=fail moves=25 steps=334 close=4 empty=0 blocked=2 nsteps=27 nctrl=334
  a29 status=success moves=15 steps=145 close=4 empty=0 blocked=0 nsteps=17 nctrl=145
  a30 status=fail moves=24 steps=221 close=2 empty=0 blocked=0 nsteps=26 nctrl=221
  a31 status=success moves=21 steps=192 close=4 empty=0 blocked=0 nsteps=23 nctrl=192
  a32 status=fail moves=24 steps=239 close=4 empty=1 blocked=0 nsteps=25 nctrl=239
  a33 status=success moves=20 steps=188 close=4 empty=0 blocked=0 nsteps=22 nctrl=188
  a34 status=success moves=19 steps=177 close=4 empty=0 blocked=0 nsteps=21 nctrl=177
  a35 status=fail moves=25 steps=399 close=2 empty=1 blocked=3 nsteps=27 nctrl=399
  a36 status=fail moves=25 steps=371 close=1 empty=1 blocked=4 nsteps=27 nctrl=371
  a37 status=success moves=15 steps=145 close=4 empty=0 blocked=0 nsteps=17 nctrl=145
  a38 status=success moves=18 steps=183 close=4 empty=1 blocked=0 nsteps=20 nctrl=183
  a39 status=fail moves=25 steps=312 close=6 empty=2 blocked=2 nsteps=27 nctrl=312
  a40 status=fail moves=36 steps=372 close=6 empty=2 blocked=0 nsteps=38 nctrl=372
  a41 status=fail moves=40 steps=422 close=3 empty=0 blocked=2 nsteps=42 nctrl=422
  a42 status=fail moves=30 steps=345 close=3 empty=0 blocked=1 nsteps=32 nctrl=345
  a43 status=fail moves=30 steps=457 close=8 empty=0 blocked=2 nsteps=32 nctrl=457
wrote /home/chener/LIBERO/astra_eval/viz/data.js episodes 53
  a1 status=harness moves=2 steps=27 close=0 empty=0 blocked=0 nsteps=4 nctrl=0
  a2 status=fail moves=24 steps=373 close=4 empty=4 blocked=2 nsteps=26 nctrl=0
  a3 status=aborted moves=1 steps=17 close=0 empty=0 blocked=1 nsteps=2 nctrl=0
  a4 status=fail moves=27 steps=426 close=3 empty=3 blocked=8 nsteps=29 nctrl=0
  a5 status=success moves=29 steps=466 close=3 empty=0 blocked=2 nsteps=31 nctrl=0
  a6 status=fail moves=28 steps=377 close=6 empty=0 blocked=1 nsteps=30 nctrl=0
  a7 status=aborted moves=7 steps=125 close=0 empty=0 blocked=0 nsteps=8 nctrl=0
  a8 status=fail moves=30 steps=391 close=5 empty=2 blocked=2 nsteps=32 nctrl=0
  a9 status=fail moves=26 steps=302 close=8 empty=0 blocked=0 nsteps=28 nctrl=0
  a10 status=fail moves=30 steps=321 close=1 empty=0 blocked=0 nsteps=32 nctrl=0
  a11 status=aborted moves=17 steps=210 close=0 empty=0 blocked=3 nsteps=18 nctrl=210
  a12 status=fail moves=30 steps=372 close=6 empty=0 blocked=3 nsteps=32 nctrl=372
  a13 status=fail moves=15 steps=136 close=0 empty=0 blocked=0 nsteps=17 nctrl=136
  a14 status=aborted moves=0 steps=5 close=0 empty=0 blocked=0 nsteps=1 nctrl=5
  a15 status=fail moves=12 steps=166 close=2 empty=0 blocked=0 nsteps=14 nctrl=166
  a16 status=success moves=19 steps=198 close=3 empty=1 blocked=0 nsteps=21 nctrl=198
  a17 status=fail moves=25 steps=263 close=6 empty=2 blocked=0 nsteps=27 nctrl=263
  a18 status=fail moves=19 steps=455 close=2 empty=0 blocked=1 nsteps=20 nctrl=455
  a19 status=fail moves=25 steps=264 close=5 empty=2 blocked=0 nsteps=27 nctrl=264
  a20 status=success moves=21 steps=232 close=6 empty=2 blocked=0 nsteps=23 nctrl=232
  a21 status=fail moves=22 steps=193 close=2 empty=0 blocked=0 nsteps=24 nctrl=193
  a22 status=fail moves=20 steps=175 close=2 empty=0 blocked=0 nsteps=22 nctrl=175
  a23 status=fail moves=23 steps=207 close=2 empty=0 blocked=0 nsteps=25 nctrl=207
  a24 status=success moves=20 steps=186 close=4 empty=0 blocked=0 nsteps=22 nctrl=186
  a25 status=fail moves=24 steps=224 close=5 empty=0 blocked=0 nsteps=26 nctrl=224
  a26 status=success moves=25 steps=246 close=4 empty=1 blocked=0 nsteps=27 nctrl=246
  a27 status=success moves=20 steps=200 close=8 empty=0 blocked=0 nsteps=22 nctrl=200
  a28 status=fail moves=25 steps=334 close=4 empty=0 blocked=2 nsteps=27 nctrl=334
  a29 status=success moves=15 steps=145 close=4 empty=0 blocked=0 nsteps=17 nctrl=145
  a30 status=fail moves=24 steps=221 close=2 empty=0 blocked=0 nsteps=26 nctrl=221
  a31 status=success moves=21 steps=192 close=4 empty=0 blocked=0 nsteps=23 nctrl=192
  a32 status=fail moves=24 steps=239 close=4 empty=1 blocked=0 nsteps=25 nctrl=239
  a33 status=success moves=20 steps=188 close=4 empty=0 blocked=0 nsteps=22 nctrl=188
  a34 status=success moves=19 steps=177 close=4 empty=0 blocked=0 nsteps=21 nctrl=177
  a35 status=fail moves=25 steps=399 close=2 empty=1 blocked=3 nsteps=27 nctrl=399
  a36 status=fail moves=25 steps=371 close=1 empty=1 blocked=4 nsteps=27 nctrl=371
  a37 status=success moves=15 steps=145 close=4 empty=0 blocked=0 nsteps=17 nctrl=145
  a38 status=success moves=18 steps=183 close=4 empty=1 blocked=0 nsteps=20 nctrl=183
  a39 status=fail moves=25 steps=312 close=6 empty=2 blocked=2 nsteps=27 nctrl=312
  a40 status=fail moves=36 steps=372 close=6 empty=2 blocked=0 nsteps=38 nctrl=372
  a41 status=fail moves=40 steps=422 close=3 empty=0 blocked=2 nsteps=42 nctrl=422
  a42 status=fail moves=30 steps=345 close=3 empty=0 blocked=1 nsteps=32 nctrl=345
  a43 status=fail moves=30 steps=457 close=8 empty=0 blocked=2 nsteps=32 nctrl=457
  a44 status=success moves=29 steps=390 close=11 empty=0 blocked=2 nsteps=31 nctrl=390
  a45 status=success moves=14 steps=190 close=7 empty=0 blocked=0 nsteps=16 nctrl=190
  a46 status=success moves=22 steps=236 close=4 empty=1 blocked=0 nsteps=24 nctrl=236
  a47 status=success moves=30 steps=334 close=6 empty=1 blocked=0 nsteps=32 nctrl=334
  a48 status=fail moves=30 steps=452 close=5 empty=2 blocked=1 nsteps=32 nctrl=452
  a49 status=fail moves=23 steps=397 close=0 empty=0 blocked=7 nsteps=25 nctrl=397
  a50 status=fail moves=42 steps=491 close=8 empty=3 blocked=1 nsteps=44 nctrl=491
  a51 status=aborted moves=22 steps=378 close=0 empty=0 blocked=5 nsteps=23 nctrl=378
  a52 status=fail moves=50 steps=556 close=4 empty=2 blocked=0 nsteps=52 nctrl=556
  a53 status=success moves=44 steps=507 close=9 empty=4 blocked=2 nsteps=46 nctrl=507
viz: data.js already current
wrote /home/chener/LIBERO/astra_eval/viz/data.js episodes 55
  a1 status=harness moves=2 steps=27 close=0 empty=0 blocked=0 nsteps=4 nctrl=0
  a2 status=fail moves=24 steps=373 close=4 empty=4 blocked=2 nsteps=26 nctrl=0
  a3 status=aborted moves=1 steps=17 close=0 empty=0 blocked=1 nsteps=2 nctrl=0
  a4 status=fail moves=27 steps=426 close=3 empty=3 blocked=8 nsteps=29 nctrl=0
  a5 status=success moves=29 steps=466 close=3 empty=0 blocked=2 nsteps=31 nctrl=0
  a6 status=fail moves=28 steps=377 close=6 empty=0 blocked=1 nsteps=30 nctrl=0
  a7 status=aborted moves=7 steps=125 close=0 empty=0 blocked=0 nsteps=8 nctrl=0
  a8 status=fail moves=30 steps=391 close=5 empty=2 blocked=2 nsteps=32 nctrl=0
  a9 status=fail moves=26 steps=302 close=8 empty=0 blocked=0 nsteps=28 nctrl=0
  a10 status=fail moves=30 steps=321 close=1 empty=0 blocked=0 nsteps=32 nctrl=0
  a11 status=aborted moves=17 steps=210 close=0 empty=0 blocked=3 nsteps=18 nctrl=210
  a12 status=fail moves=30 steps=372 close=6 empty=0 blocked=3 nsteps=32 nctrl=372
  a13 status=fail moves=15 steps=136 close=0 empty=0 blocked=0 nsteps=17 nctrl=136
  a14 status=aborted moves=0 steps=5 close=0 empty=0 blocked=0 nsteps=1 nctrl=5
  a15 status=fail moves=12 steps=166 close=2 empty=0 blocked=0 nsteps=14 nctrl=166
  a16 status=success moves=19 steps=198 close=3 empty=1 blocked=0 nsteps=21 nctrl=198
  a17 status=fail moves=25 steps=263 close=6 empty=2 blocked=0 nsteps=27 nctrl=263
  a18 status=fail moves=19 steps=455 close=2 empty=0 blocked=1 nsteps=20 nctrl=455
  a19 status=fail moves=25 steps=264 close=5 empty=2 blocked=0 nsteps=27 nctrl=264
  a20 status=success moves=21 steps=232 close=6 empty=2 blocked=0 nsteps=23 nctrl=232
  a21 status=fail moves=22 steps=193 close=2 empty=0 blocked=0 nsteps=24 nctrl=193
  a22 status=fail moves=20 steps=175 close=2 empty=0 blocked=0 nsteps=22 nctrl=175
  a23 status=fail moves=23 steps=207 close=2 empty=0 blocked=0 nsteps=25 nctrl=207
  a24 status=success moves=20 steps=186 close=4 empty=0 blocked=0 nsteps=22 nctrl=186
  a25 status=fail moves=24 steps=224 close=5 empty=0 blocked=0 nsteps=26 nctrl=224
  a26 status=success moves=25 steps=246 close=4 empty=1 blocked=0 nsteps=27 nctrl=246
  a27 status=success moves=20 steps=200 close=8 empty=0 blocked=0 nsteps=22 nctrl=200
  a28 status=fail moves=25 steps=334 close=4 empty=0 blocked=2 nsteps=27 nctrl=334
  a29 status=success moves=15 steps=145 close=4 empty=0 blocked=0 nsteps=17 nctrl=145
  a30 status=fail moves=24 steps=221 close=2 empty=0 blocked=0 nsteps=26 nctrl=221
  a31 status=success moves=21 steps=192 close=4 empty=0 blocked=0 nsteps=23 nctrl=192
  a32 status=fail moves=24 steps=239 close=4 empty=1 blocked=0 nsteps=25 nctrl=239
  a33 status=success moves=20 steps=188 close=4 empty=0 blocked=0 nsteps=22 nctrl=188
  a34 status=success moves=19 steps=177 close=4 empty=0 blocked=0 nsteps=21 nctrl=177
  a35 status=fail moves=25 steps=399 close=2 empty=1 blocked=3 nsteps=27 nctrl=399
  a36 status=fail moves=25 steps=371 close=1 empty=1 blocked=4 nsteps=27 nctrl=371
  a37 status=success moves=15 steps=145 close=4 empty=0 blocked=0 nsteps=17 nctrl=145
  a38 status=success moves=18 steps=183 close=4 empty=1 blocked=0 nsteps=20 nctrl=183
  a39 status=fail moves=25 steps=312 close=6 empty=2 blocked=2 nsteps=27 nctrl=312
  a40 status=fail moves=36 steps=372 close=6 empty=2 blocked=0 nsteps=38 nctrl=372
  a41 status=fail moves=40 steps=422 close=3 empty=0 blocked=2 nsteps=42 nctrl=422
  a42 status=fail moves=30 steps=345 close=3 empty=0 blocked=1 nsteps=32 nctrl=345
  a43 status=fail moves=30 steps=457 close=8 empty=0 blocked=2 nsteps=32 nctrl=457
  a44 status=success moves=29 steps=390 close=11 empty=0 blocked=2 nsteps=31 nctrl=390
  a45 status=success moves=14 steps=190 close=7 empty=0 blocked=0 nsteps=16 nctrl=190
  a46 status=success moves=22 steps=236 close=4 empty=1 blocked=0 nsteps=24 nctrl=236
  a47 status=success moves=30 steps=334 close=6 empty=1 blocked=0 nsteps=32 nctrl=334
  a48 status=fail moves=30 steps=452 close=5 empty=2 blocked=1 nsteps=32 nctrl=452
  a49 status=fail moves=23 steps=397 close=0 empty=0 blocked=7 nsteps=25 nctrl=397
  a50 status=fail moves=42 steps=491 close=8 empty=3 blocked=1 nsteps=44 nctrl=491
  a51 status=aborted moves=22 steps=378 close=0 empty=0 blocked=5 nsteps=23 nctrl=378
  a52 status=fail moves=50 steps=556 close=4 empty=2 blocked=0 nsteps=52 nctrl=556
  a53 status=success moves=44 steps=507 close=9 empty=4 blocked=2 nsteps=46 nctrl=507
  a54 status=success moves=47 steps=531 close=12 empty=2 blocked=0 nsteps=49 nctrl=531
  a55 status=fail moves=45 steps=600 close=4 empty=2 blocked=4 nsteps=47 nctrl=600
wrote /home/chener/LIBERO/astra_eval/viz/data.js episodes 56
  a1 status=harness moves=2 steps=27 close=0 empty=0 blocked=0 nsteps=4 nctrl=0
  a2 status=fail moves=24 steps=373 close=4 empty=4 blocked=2 nsteps=26 nctrl=0
  a3 status=aborted moves=1 steps=17 close=0 empty=0 blocked=1 nsteps=2 nctrl=0
  a4 status=fail moves=27 steps=426 close=3 empty=3 blocked=8 nsteps=29 nctrl=0
  a5 status=success moves=29 steps=466 close=3 empty=0 blocked=2 nsteps=31 nctrl=0
  a6 status=fail moves=28 steps=377 close=6 empty=0 blocked=1 nsteps=30 nctrl=0
  a7 status=aborted moves=7 steps=125 close=0 empty=0 blocked=0 nsteps=8 nctrl=0
  a8 status=fail moves=30 steps=391 close=5 empty=2 blocked=2 nsteps=32 nctrl=0
  a9 status=fail moves=26 steps=302 close=8 empty=0 blocked=0 nsteps=28 nctrl=0
  a10 status=fail moves=30 steps=321 close=1 empty=0 blocked=0 nsteps=32 nctrl=0
  a11 status=aborted moves=17 steps=210 close=0 empty=0 blocked=3 nsteps=18 nctrl=210
  a12 status=fail moves=30 steps=372 close=6 empty=0 blocked=3 nsteps=32 nctrl=372
  a13 status=fail moves=15 steps=136 close=0 empty=0 blocked=0 nsteps=17 nctrl=136
  a14 status=aborted moves=0 steps=5 close=0 empty=0 blocked=0 nsteps=1 nctrl=5
  a15 status=fail moves=12 steps=166 close=2 empty=0 blocked=0 nsteps=14 nctrl=166
  a16 status=success moves=19 steps=198 close=3 empty=1 blocked=0 nsteps=21 nctrl=198
  a17 status=fail moves=25 steps=263 close=6 empty=2 blocked=0 nsteps=27 nctrl=263
  a18 status=fail moves=19 steps=455 close=2 empty=0 blocked=1 nsteps=20 nctrl=455
  a19 status=fail moves=25 steps=264 close=5 empty=2 blocked=0 nsteps=27 nctrl=264
  a20 status=success moves=21 steps=232 close=6 empty=2 blocked=0 nsteps=23 nctrl=232
  a21 status=fail moves=22 steps=193 close=2 empty=0 blocked=0 nsteps=24 nctrl=193
  a22 status=fail moves=20 steps=175 close=2 empty=0 blocked=0 nsteps=22 nctrl=175
  a23 status=fail moves=23 steps=207 close=2 empty=0 blocked=0 nsteps=25 nctrl=207
  a24 status=success moves=20 steps=186 close=4 empty=0 blocked=0 nsteps=22 nctrl=186
  a25 status=fail moves=24 steps=224 close=5 empty=0 blocked=0 nsteps=26 nctrl=224
  a26 status=success moves=25 steps=246 close=4 empty=1 blocked=0 nsteps=27 nctrl=246
  a27 status=success moves=20 steps=200 close=8 empty=0 blocked=0 nsteps=22 nctrl=200
  a28 status=fail moves=25 steps=334 close=4 empty=0 blocked=2 nsteps=27 nctrl=334
  a29 status=success moves=15 steps=145 close=4 empty=0 blocked=0 nsteps=17 nctrl=145
  a30 status=fail moves=24 steps=221 close=2 empty=0 blocked=0 nsteps=26 nctrl=221
  a31 status=success moves=21 steps=192 close=4 empty=0 blocked=0 nsteps=23 nctrl=192
  a32 status=fail moves=24 steps=239 close=4 empty=1 blocked=0 nsteps=25 nctrl=239
  a33 status=success moves=20 steps=188 close=4 empty=0 blocked=0 nsteps=22 nctrl=188
  a34 status=success moves=19 steps=177 close=4 empty=0 blocked=0 nsteps=21 nctrl=177
  a35 status=fail moves=25 steps=399 close=2 empty=1 blocked=3 nsteps=27 nctrl=399
  a36 status=fail moves=25 steps=371 close=1 empty=1 blocked=4 nsteps=27 nctrl=371
  a37 status=success moves=15 steps=145 close=4 empty=0 blocked=0 nsteps=17 nctrl=145
  a38 status=success moves=18 steps=183 close=4 empty=1 blocked=0 nsteps=20 nctrl=183
  a39 status=fail moves=25 steps=312 close=6 empty=2 blocked=2 nsteps=27 nctrl=312
  a40 status=fail moves=36 steps=372 close=6 empty=2 blocked=0 nsteps=38 nctrl=372
  a41 status=fail moves=40 steps=422 close=3 empty=0 blocked=2 nsteps=42 nctrl=422
  a42 status=fail moves=30 steps=345 close=3 empty=0 blocked=1 nsteps=32 nctrl=345
  a43 status=fail moves=30 steps=457 close=8 empty=0 blocked=2 nsteps=32 nctrl=457
  a44 status=success moves=29 steps=390 close=11 empty=0 blocked=2 nsteps=31 nctrl=390
  a45 status=success moves=14 steps=190 close=7 empty=0 blocked=0 nsteps=16 nctrl=190
  a46 status=success moves=22 steps=236 close=4 empty=1 blocked=0 nsteps=24 nctrl=236
  a47 status=success moves=30 steps=334 close=6 empty=1 blocked=0 nsteps=32 nctrl=334
  a48 status=fail moves=30 steps=452 close=5 empty=2 blocked=1 nsteps=32 nctrl=452
  a49 status=fail moves=23 steps=397 close=0 empty=0 blocked=7 nsteps=25 nctrl=397
  a50 status=fail moves=42 steps=491 close=8 empty=3 blocked=1 nsteps=44 nctrl=491
  a51 status=aborted moves=22 steps=378 close=0 empty=0 blocked=5 nsteps=23 nctrl=378
  a52 status=fail moves=50 steps=556 close=4 empty=2 blocked=0 nsteps=52 nctrl=556
  a53 status=success moves=44 steps=507 close=9 empty=4 blocked=2 nsteps=46 nctrl=507
  a54 status=success moves=47 steps=531 close=12 empty=2 blocked=0 nsteps=49 nctrl=531
  a55 status=fail moves=45 steps=600 close=4 empty=2 blocked=4 nsteps=47 nctrl=600
  a56 status=fail moves=31 steps=499 close=4 empty=1 blocked=5 nsteps=33 nctrl=499
wrote /home/chener/LIBERO/astra_eval/viz/data.js episodes 57
  a1 status=harness moves=2 steps=27 close=0 empty=0 blocked=0 nsteps=4 nctrl=0
  a2 status=fail moves=24 steps=373 close=4 empty=4 blocked=2 nsteps=26 nctrl=0
  a3 status=aborted moves=1 steps=17 close=0 empty=0 blocked=1 nsteps=2 nctrl=0
  a4 status=fail moves=27 steps=426 close=3 empty=3 blocked=8 nsteps=29 nctrl=0
  a5 status=success moves=29 steps=466 close=3 empty=0 blocked=2 nsteps=31 nctrl=0
  a6 status=fail moves=28 steps=377 close=6 empty=0 blocked=1 nsteps=30 nctrl=0
  a7 status=aborted moves=7 steps=125 close=0 empty=0 blocked=0 nsteps=8 nctrl=0
  a8 status=fail moves=30 steps=391 close=5 empty=2 blocked=2 nsteps=32 nctrl=0
  a9 status=fail moves=26 steps=302 close=8 empty=0 blocked=0 nsteps=28 nctrl=0
  a10 status=fail moves=30 steps=321 close=1 empty=0 blocked=0 nsteps=32 nctrl=0
  a11 status=aborted moves=17 steps=210 close=0 empty=0 blocked=3 nsteps=18 nctrl=210
  a12 status=fail moves=30 steps=372 close=6 empty=0 blocked=3 nsteps=32 nctrl=372
  a13 status=fail moves=15 steps=136 close=0 empty=0 blocked=0 nsteps=17 nctrl=136
  a14 status=aborted moves=0 steps=5 close=0 empty=0 blocked=0 nsteps=1 nctrl=5
  a15 status=fail moves=12 steps=166 close=2 empty=0 blocked=0 nsteps=14 nctrl=166
  a16 status=success moves=19 steps=198 close=3 empty=1 blocked=0 nsteps=21 nctrl=198
  a17 status=fail moves=25 steps=263 close=6 empty=2 blocked=0 nsteps=27 nctrl=263
  a18 status=fail moves=19 steps=455 close=2 empty=0 blocked=1 nsteps=20 nctrl=455
  a19 status=fail moves=25 steps=264 close=5 empty=2 blocked=0 nsteps=27 nctrl=264
  a20 status=success moves=21 steps=232 close=6 empty=2 blocked=0 nsteps=23 nctrl=232
  a21 status=fail moves=22 steps=193 close=2 empty=0 blocked=0 nsteps=24 nctrl=193
  a22 status=fail moves=20 steps=175 close=2 empty=0 blocked=0 nsteps=22 nctrl=175
  a23 status=fail moves=23 steps=207 close=2 empty=0 blocked=0 nsteps=25 nctrl=207
  a24 status=success moves=20 steps=186 close=4 empty=0 blocked=0 nsteps=22 nctrl=186
  a25 status=fail moves=24 steps=224 close=5 empty=0 blocked=0 nsteps=26 nctrl=224
  a26 status=success moves=25 steps=246 close=4 empty=1 blocked=0 nsteps=27 nctrl=246
  a27 status=success moves=20 steps=200 close=8 empty=0 blocked=0 nsteps=22 nctrl=200
  a28 status=fail moves=25 steps=334 close=4 empty=0 blocked=2 nsteps=27 nctrl=334
  a29 status=success moves=15 steps=145 close=4 empty=0 blocked=0 nsteps=17 nctrl=145
  a30 status=fail moves=24 steps=221 close=2 empty=0 blocked=0 nsteps=26 nctrl=221
  a31 status=success moves=21 steps=192 close=4 empty=0 blocked=0 nsteps=23 nctrl=192
  a32 status=fail moves=24 steps=239 close=4 empty=1 blocked=0 nsteps=25 nctrl=239
  a33 status=success moves=20 steps=188 close=4 empty=0 blocked=0 nsteps=22 nctrl=188
  a34 status=success moves=19 steps=177 close=4 empty=0 blocked=0 nsteps=21 nctrl=177
  a35 status=fail moves=25 steps=399 close=2 empty=1 blocked=3 nsteps=27 nctrl=399
  a36 status=fail moves=25 steps=371 close=1 empty=1 blocked=4 nsteps=27 nctrl=371
  a37 status=success moves=15 steps=145 close=4 empty=0 blocked=0 nsteps=17 nctrl=145
  a38 status=success moves=18 steps=183 close=4 empty=1 blocked=0 nsteps=20 nctrl=183
  a39 status=fail moves=25 steps=312 close=6 empty=2 blocked=2 nsteps=27 nctrl=312
  a40 status=fail moves=36 steps=372 close=6 empty=2 blocked=0 nsteps=38 nctrl=372
  a41 status=fail moves=40 steps=422 close=3 empty=0 blocked=2 nsteps=42 nctrl=422
  a42 status=fail moves=30 steps=345 close=3 empty=0 blocked=1 nsteps=32 nctrl=345
  a43 status=fail moves=30 steps=457 close=8 empty=0 blocked=2 nsteps=32 nctrl=457
  a44 status=success moves=29 steps=390 close=11 empty=0 blocked=2 nsteps=31 nctrl=390
  a45 status=success moves=14 steps=190 close=7 empty=0 blocked=0 nsteps=16 nctrl=190
  a46 status=success moves=22 steps=236 close=4 empty=1 blocked=0 nsteps=24 nctrl=236
  a47 status=success moves=30 steps=334 close=6 empty=1 blocked=0 nsteps=32 nctrl=334
  a48 status=fail moves=30 steps=452 close=5 empty=2 blocked=1 nsteps=32 nctrl=452
  a49 status=fail moves=23 steps=397 close=0 empty=0 blocked=7 nsteps=25 nctrl=397
  a50 status=fail moves=42 steps=491 close=8 empty=3 blocked=1 nsteps=44 nctrl=491
  a51 status=aborted moves=22 steps=378 close=0 empty=0 blocked=5 nsteps=23 nctrl=378
  a52 status=fail moves=50 steps=556 close=4 empty=2 blocked=0 nsteps=52 nctrl=556
  a53 status=success moves=44 steps=507 close=9 empty=4 blocked=2 nsteps=46 nctrl=507
  a54 status=success moves=47 steps=531 close=12 empty=2 blocked=0 nsteps=49 nctrl=531
  a55 status=fail moves=45 steps=600 close=4 empty=2 blocked=4 nsteps=47 nctrl=600
  a56 status=fail moves=31 steps=499 close=4 empty=1 blocked=5 nsteps=33 nctrl=499
  a57 status=fail moves=50 steps=588 close=14 empty=5 blocked=1 nsteps=52 nctrl=588
wrote /home/chener/LIBERO/astra_eval/viz/data.js episodes 59
  a1 status=harness moves=2 steps=27 close=0 empty=0 blocked=0 nsteps=4 nctrl=0
  a2 status=fail moves=24 steps=373 close=4 empty=4 blocked=2 nsteps=26 nctrl=0
  a3 status=aborted moves=1 steps=17 close=0 empty=0 blocked=1 nsteps=2 nctrl=0
  a4 status=fail moves=27 steps=426 close=3 empty=3 blocked=8 nsteps=29 nctrl=0
  a5 status=success moves=29 steps=466 close=3 empty=0 blocked=2 nsteps=31 nctrl=0
  a6 status=fail moves=28 steps=377 close=6 empty=0 blocked=1 nsteps=30 nctrl=0
  a7 status=aborted moves=7 steps=125 close=0 empty=0 blocked=0 nsteps=8 nctrl=0
  a8 status=fail moves=30 steps=391 close=5 empty=2 blocked=2 nsteps=32 nctrl=0
  a9 status=fail moves=26 steps=302 close=8 empty=0 blocked=0 nsteps=28 nctrl=0
  a10 status=fail moves=30 steps=321 close=1 empty=0 blocked=0 nsteps=32 nctrl=0
  a11 status=aborted moves=17 steps=210 close=0 empty=0 blocked=3 nsteps=18 nctrl=210
  a12 status=fail moves=30 steps=372 close=6 empty=0 blocked=3 nsteps=32 nctrl=372
  a13 status=fail moves=15 steps=136 close=0 empty=0 blocked=0 nsteps=17 nctrl=136
  a14 status=aborted moves=0 steps=5 close=0 empty=0 blocked=0 nsteps=1 nctrl=5
  a15 status=fail moves=12 steps=166 close=2 empty=0 blocked=0 nsteps=14 nctrl=166
  a16 status=success moves=19 steps=198 close=3 empty=1 blocked=0 nsteps=21 nctrl=198
  a17 status=fail moves=25 steps=263 close=6 empty=2 blocked=0 nsteps=27 nctrl=263
  a18 status=fail moves=19 steps=455 close=2 empty=0 blocked=1 nsteps=20 nctrl=455
  a19 status=fail moves=25 steps=264 close=5 empty=2 blocked=0 nsteps=27 nctrl=264
  a20 status=success moves=21 steps=232 close=6 empty=2 blocked=0 nsteps=23 nctrl=232
  a21 status=fail moves=22 steps=193 close=2 empty=0 blocked=0 nsteps=24 nctrl=193
  a22 status=fail moves=20 steps=175 close=2 empty=0 blocked=0 nsteps=22 nctrl=175
  a23 status=fail moves=23 steps=207 close=2 empty=0 blocked=0 nsteps=25 nctrl=207
  a24 status=success moves=20 steps=186 close=4 empty=0 blocked=0 nsteps=22 nctrl=186
  a25 status=fail moves=24 steps=224 close=5 empty=0 blocked=0 nsteps=26 nctrl=224
  a26 status=success moves=25 steps=246 close=4 empty=1 blocked=0 nsteps=27 nctrl=246
  a27 status=success moves=20 steps=200 close=8 empty=0 blocked=0 nsteps=22 nctrl=200
  a28 status=fail moves=25 steps=334 close=4 empty=0 blocked=2 nsteps=27 nctrl=334
  a29 status=success moves=15 steps=145 close=4 empty=0 blocked=0 nsteps=17 nctrl=145
  a30 status=fail moves=24 steps=221 close=2 empty=0 blocked=0 nsteps=26 nctrl=221
  a31 status=success moves=21 steps=192 close=4 empty=0 blocked=0 nsteps=23 nctrl=192
  a32 status=fail moves=24 steps=239 close=4 empty=1 blocked=0 nsteps=25 nctrl=239
  a33 status=success moves=20 steps=188 close=4 empty=0 blocked=0 nsteps=22 nctrl=188
  a34 status=success moves=19 steps=177 close=4 empty=0 blocked=0 nsteps=21 nctrl=177
  a35 status=fail moves=25 steps=399 close=2 empty=1 blocked=3 nsteps=27 nctrl=399
  a36 status=fail moves=25 steps=371 close=1 empty=1 blocked=4 nsteps=27 nctrl=371
  a37 status=success moves=15 steps=145 close=4 empty=0 blocked=0 nsteps=17 nctrl=145
  a38 status=success moves=18 steps=183 close=4 empty=1 blocked=0 nsteps=20 nctrl=183
  a39 status=fail moves=25 steps=312 close=6 empty=2 blocked=2 nsteps=27 nctrl=312
  a40 status=fail moves=36 steps=372 close=6 empty=2 blocked=0 nsteps=38 nctrl=372
  a41 status=fail moves=40 steps=422 close=3 empty=0 blocked=2 nsteps=42 nctrl=422
  a42 status=fail moves=30 steps=345 close=3 empty=0 blocked=1 nsteps=32 nctrl=345
  a43 status=fail moves=30 steps=457 close=8 empty=0 blocked=2 nsteps=32 nctrl=457
  a44 status=success moves=29 steps=390 close=11 empty=0 blocked=2 nsteps=31 nctrl=390
  a45 status=success moves=14 steps=190 close=7 empty=0 blocked=0 nsteps=16 nctrl=190
  a46 status=success moves=22 steps=236 close=4 empty=1 blocked=0 nsteps=24 nctrl=236
  a47 status=success moves=30 steps=334 close=6 empty=1 blocked=0 nsteps=32 nctrl=334
  a48 status=fail moves=30 steps=452 close=5 empty=2 blocked=1 nsteps=32 nctrl=452
  a49 status=fail moves=23 steps=397 close=0 empty=0 blocked=7 nsteps=25 nctrl=397
  a50 status=fail moves=42 steps=491 close=8 empty=3 blocked=1 nsteps=44 nctrl=491
  a51 status=aborted moves=22 steps=378 close=0 empty=0 blocked=5 nsteps=23 nctrl=378
  a52 status=fail moves=50 steps=556 close=4 empty=2 blocked=0 nsteps=52 nctrl=556
  a53 status=success moves=44 steps=507 close=9 empty=4 blocked=2 nsteps=46 nctrl=507
  a54 status=success moves=47 steps=531 close=12 empty=2 blocked=0 nsteps=49 nctrl=531
  a55 status=fail moves=45 steps=600 close=4 empty=2 blocked=4 nsteps=47 nctrl=600
  a56 status=fail moves=31 steps=499 close=4 empty=1 blocked=5 nsteps=33 nctrl=499
  a57 status=fail moves=50 steps=588 close=14 empty=5 blocked=1 nsteps=52 nctrl=588
  a58 status=aborted moves=19 steps=199 close=4 empty=1 blocked=0 nsteps=20 nctrl=199
  a59 status=success moves=44 steps=512 close=11 empty=6 blocked=1 nsteps=46 nctrl=512
viz: data.js already current
viz: data.js already current
wrote /home/chener/LIBERO/astra_eval/viz/data.js episodes 62
  a1 status=harness moves=2 steps=27 close=0 empty=0 blocked=0 nsteps=4 nctrl=0
  a2 status=fail moves=24 steps=373 close=4 empty=4 blocked=2 nsteps=26 nctrl=0
  a3 status=aborted moves=1 steps=17 close=0 empty=0 blocked=1 nsteps=2 nctrl=0
  a4 status=fail moves=27 steps=426 close=3 empty=3 blocked=8 nsteps=29 nctrl=0
  a5 status=success moves=29 steps=466 close=3 empty=0 blocked=2 nsteps=31 nctrl=0
  a6 status=fail moves=28 steps=377 close=6 empty=0 blocked=1 nsteps=30 nctrl=0
  a7 status=aborted moves=7 steps=125 close=0 empty=0 blocked=0 nsteps=8 nctrl=0
  a8 status=fail moves=30 steps=391 close=5 empty=2 blocked=2 nsteps=32 nctrl=0
  a9 status=fail moves=26 steps=302 close=8 empty=0 blocked=0 nsteps=28 nctrl=0
  a10 status=fail moves=30 steps=321 close=1 empty=0 blocked=0 nsteps=32 nctrl=0
  a11 status=aborted moves=17 steps=210 close=0 empty=0 blocked=3 nsteps=18 nctrl=210
  a12 status=fail moves=30 steps=372 close=6 empty=0 blocked=3 nsteps=32 nctrl=372
  a13 status=fail moves=15 steps=136 close=0 empty=0 blocked=0 nsteps=17 nctrl=136
  a14 status=aborted moves=0 steps=5 close=0 empty=0 blocked=0 nsteps=1 nctrl=5
  a15 status=fail moves=12 steps=166 close=2 empty=0 blocked=0 nsteps=14 nctrl=166
  a16 status=success moves=19 steps=198 close=3 empty=1 blocked=0 nsteps=21 nctrl=198
  a17 status=fail moves=25 steps=263 close=6 empty=2 blocked=0 nsteps=27 nctrl=263
  a18 status=fail moves=19 steps=455 close=2 empty=0 blocked=1 nsteps=20 nctrl=455
  a19 status=fail moves=25 steps=264 close=5 empty=2 blocked=0 nsteps=27 nctrl=264
  a20 status=success moves=21 steps=232 close=6 empty=2 blocked=0 nsteps=23 nctrl=232
  a21 status=fail moves=22 steps=193 close=2 empty=0 blocked=0 nsteps=24 nctrl=193
  a22 status=fail moves=20 steps=175 close=2 empty=0 blocked=0 nsteps=22 nctrl=175
  a23 status=fail moves=23 steps=207 close=2 empty=0 blocked=0 nsteps=25 nctrl=207
  a24 status=success moves=20 steps=186 close=4 empty=0 blocked=0 nsteps=22 nctrl=186
  a25 status=fail moves=24 steps=224 close=5 empty=0 blocked=0 nsteps=26 nctrl=224
  a26 status=success moves=25 steps=246 close=4 empty=1 blocked=0 nsteps=27 nctrl=246
  a27 status=success moves=20 steps=200 close=8 empty=0 blocked=0 nsteps=22 nctrl=200
  a28 status=fail moves=25 steps=334 close=4 empty=0 blocked=2 nsteps=27 nctrl=334
  a29 status=success moves=15 steps=145 close=4 empty=0 blocked=0 nsteps=17 nctrl=145
  a30 status=fail moves=24 steps=221 close=2 empty=0 blocked=0 nsteps=26 nctrl=221
  a31 status=success moves=21 steps=192 close=4 empty=0 blocked=0 nsteps=23 nctrl=192
  a32 status=fail moves=24 steps=239 close=4 empty=1 blocked=0 nsteps=25 nctrl=239
  a33 status=success moves=20 steps=188 close=4 empty=0 blocked=0 nsteps=22 nctrl=188
  a34 status=success moves=19 steps=177 close=4 empty=0 blocked=0 nsteps=21 nctrl=177
  a35 status=fail moves=25 steps=399 close=2 empty=1 blocked=3 nsteps=27 nctrl=399
  a36 status=fail moves=25 steps=371 close=1 empty=1 blocked=4 nsteps=27 nctrl=371
  a37 status=success moves=15 steps=145 close=4 empty=0 blocked=0 nsteps=17 nctrl=145
  a38 status=success moves=18 steps=183 close=4 empty=1 blocked=0 nsteps=20 nctrl=183
  a39 status=fail moves=25 steps=312 close=6 empty=2 blocked=2 nsteps=27 nctrl=312
  a40 status=fail moves=36 steps=372 close=6 empty=2 blocked=0 nsteps=38 nctrl=372
  a41 status=fail moves=40 steps=422 close=3 empty=0 blocked=2 nsteps=42 nctrl=422
  a42 status=fail moves=30 steps=345 close=3 empty=0 blocked=1 nsteps=32 nctrl=345
  a43 status=fail moves=30 steps=457 close=8 empty=0 blocked=2 nsteps=32 nctrl=457
  a44 status=success moves=29 steps=390 close=11 empty=0 blocked=2 nsteps=31 nctrl=390
  a45 status=success moves=14 steps=190 close=7 empty=0 blocked=0 nsteps=16 nctrl=190
  a46 status=success moves=22 steps=236 close=4 empty=1 blocked=0 nsteps=24 nctrl=236
  a47 status=success moves=30 steps=334 close=6 empty=1 blocked=0 nsteps=32 nctrl=334
  a48 status=fail moves=30 steps=452 close=5 empty=2 blocked=1 nsteps=32 nctrl=452
  a49 status=fail moves=23 steps=397 close=0 empty=0 blocked=7 nsteps=25 nctrl=397
  a50 status=fail moves=42 steps=491 close=8 empty=3 blocked=1 nsteps=44 nctrl=491
  a51 status=aborted moves=22 steps=378 close=0 empty=0 blocked=5 nsteps=23 nctrl=378
  a52 status=fail moves=50 steps=556 close=4 empty=2 blocked=0 nsteps=52 nctrl=556
  a53 status=success moves=44 steps=507 close=9 empty=4 blocked=2 nsteps=46 nctrl=507
  a54 status=success moves=47 steps=531 close=12 empty=2 blocked=0 nsteps=49 nctrl=531
  a55 status=fail moves=45 steps=600 close=4 empty=2 blocked=4 nsteps=47 nctrl=600
  a56 status=fail moves=31 steps=499 close=4 empty=1 blocked=5 nsteps=33 nctrl=499
  a57 status=fail moves=50 steps=588 close=14 empty=5 blocked=1 nsteps=52 nctrl=588
  a58 status=aborted moves=19 steps=199 close=4 empty=1 blocked=0 nsteps=20 nctrl=199
  a59 status=success moves=44 steps=512 close=11 empty=6 blocked=1 nsteps=46 nctrl=512
  a60 status=success moves=39 steps=505 close=10 empty=2 blocked=0 nsteps=41 nctrl=505
  a61 status=success moves=43 steps=466 close=12 empty=2 blocked=0 nsteps=45 nctrl=466
  a62 status=fail moves=45 steps=600 close=9 empty=2 blocked=2 nsteps=47 nctrl=600
wrote /home/chener/LIBERO/astra_eval/viz/data.js episodes 63
  a1 status=harness moves=2 steps=27 close=0 empty=0 blocked=0 nsteps=4 nctrl=0
  a2 status=fail moves=24 steps=373 close=4 empty=4 blocked=2 nsteps=26 nctrl=0
  a3 status=aborted moves=1 steps=17 close=0 empty=0 blocked=1 nsteps=2 nctrl=0
  a4 status=fail moves=27 steps=426 close=3 empty=3 blocked=8 nsteps=29 nctrl=0
  a5 status=success moves=29 steps=466 close=3 empty=0 blocked=2 nsteps=31 nctrl=0
  a6 status=fail moves=28 steps=377 close=6 empty=0 blocked=1 nsteps=30 nctrl=0
  a7 status=aborted moves=7 steps=125 close=0 empty=0 blocked=0 nsteps=8 nctrl=0
  a8 status=fail moves=30 steps=391 close=5 empty=2 blocked=2 nsteps=32 nctrl=0
  a9 status=fail moves=26 steps=302 close=8 empty=0 blocked=0 nsteps=28 nctrl=0
  a10 status=fail moves=30 steps=321 close=1 empty=0 blocked=0 nsteps=32 nctrl=0
  a11 status=aborted moves=17 steps=210 close=0 empty=0 blocked=3 nsteps=18 nctrl=210
  a12 status=fail moves=30 steps=372 close=6 empty=0 blocked=3 nsteps=32 nctrl=372
  a13 status=fail moves=15 steps=136 close=0 empty=0 blocked=0 nsteps=17 nctrl=136
  a14 status=aborted moves=0 steps=5 close=0 empty=0 blocked=0 nsteps=1 nctrl=5
  a15 status=fail moves=12 steps=166 close=2 empty=0 blocked=0 nsteps=14 nctrl=166
  a16 status=success moves=19 steps=198 close=3 empty=1 blocked=0 nsteps=21 nctrl=198
  a17 status=fail moves=25 steps=263 close=6 empty=2 blocked=0 nsteps=27 nctrl=263
  a18 status=fail moves=19 steps=455 close=2 empty=0 blocked=1 nsteps=20 nctrl=455
  a19 status=fail moves=25 steps=264 close=5 empty=2 blocked=0 nsteps=27 nctrl=264
  a20 status=success moves=21 steps=232 close=6 empty=2 blocked=0 nsteps=23 nctrl=232
  a21 status=fail moves=22 steps=193 close=2 empty=0 blocked=0 nsteps=24 nctrl=193
  a22 status=fail moves=20 steps=175 close=2 empty=0 blocked=0 nsteps=22 nctrl=175
  a23 status=fail moves=23 steps=207 close=2 empty=0 blocked=0 nsteps=25 nctrl=207
  a24 status=success moves=20 steps=186 close=4 empty=0 blocked=0 nsteps=22 nctrl=186
  a25 status=fail moves=24 steps=224 close=5 empty=0 blocked=0 nsteps=26 nctrl=224
  a26 status=success moves=25 steps=246 close=4 empty=1 blocked=0 nsteps=27 nctrl=246
  a27 status=success moves=20 steps=200 close=8 empty=0 blocked=0 nsteps=22 nctrl=200
  a28 status=fail moves=25 steps=334 close=4 empty=0 blocked=2 nsteps=27 nctrl=334
  a29 status=success moves=15 steps=145 close=4 empty=0 blocked=0 nsteps=17 nctrl=145
  a30 status=fail moves=24 steps=221 close=2 empty=0 blocked=0 nsteps=26 nctrl=221
  a31 status=success moves=21 steps=192 close=4 empty=0 blocked=0 nsteps=23 nctrl=192
  a32 status=fail moves=24 steps=239 close=4 empty=1 blocked=0 nsteps=25 nctrl=239
  a33 status=success moves=20 steps=188 close=4 empty=0 blocked=0 nsteps=22 nctrl=188
  a34 status=success moves=19 steps=177 close=4 empty=0 blocked=0 nsteps=21 nctrl=177
  a35 status=fail moves=25 steps=399 close=2 empty=1 blocked=3 nsteps=27 nctrl=399
  a36 status=fail moves=25 steps=371 close=1 empty=1 blocked=4 nsteps=27 nctrl=371
  a37 status=success moves=15 steps=145 close=4 empty=0 blocked=0 nsteps=17 nctrl=145
  a38 status=success moves=18 steps=183 close=4 empty=1 blocked=0 nsteps=20 nctrl=183
  a39 status=fail moves=25 steps=312 close=6 empty=2 blocked=2 nsteps=27 nctrl=312
  a40 status=fail moves=36 steps=372 close=6 empty=2 blocked=0 nsteps=38 nctrl=372
  a41 status=fail moves=40 steps=422 close=3 empty=0 blocked=2 nsteps=42 nctrl=422
  a42 status=fail moves=30 steps=345 close=3 empty=0 blocked=1 nsteps=32 nctrl=345
  a43 status=fail moves=30 steps=457 close=8 empty=0 blocked=2 nsteps=32 nctrl=457
  a44 status=success moves=29 steps=390 close=11 empty=0 blocked=2 nsteps=31 nctrl=390
  a45 status=success moves=14 steps=190 close=7 empty=0 blocked=0 nsteps=16 nctrl=190
  a46 status=success moves=22 steps=236 close=4 empty=1 blocked=0 nsteps=24 nctrl=236
  a47 status=success moves=30 steps=334 close=6 empty=1 blocked=0 nsteps=32 nctrl=334
  a48 status=fail moves=30 steps=452 close=5 empty=2 blocked=1 nsteps=32 nctrl=452
  a49 status=fail moves=23 steps=397 close=0 empty=0 blocked=7 nsteps=25 nctrl=397
  a50 status=fail moves=42 steps=491 close=8 empty=3 blocked=1 nsteps=44 nctrl=491
  a51 status=aborted moves=22 steps=378 close=0 empty=0 blocked=5 nsteps=23 nctrl=378
  a52 status=fail moves=50 steps=556 close=4 empty=2 blocked=0 nsteps=52 nctrl=556
  a53 status=success moves=44 steps=507 close=9 empty=4 blocked=2 nsteps=46 nctrl=507
  a54 status=success moves=47 steps=531 close=12 empty=2 blocked=0 nsteps=49 nctrl=531
  a55 status=fail moves=45 steps=600 close=4 empty=2 blocked=4 nsteps=47 nctrl=600
  a56 status=fail moves=31 steps=499 close=4 empty=1 blocked=5 nsteps=33 nctrl=499
  a57 status=fail moves=50 steps=588 close=14 empty=5 blocked=1 nsteps=52 nctrl=588
  a58 status=aborted moves=19 steps=199 close=4 empty=1 blocked=0 nsteps=20 nctrl=199
  a59 status=success moves=44 steps=512 close=11 empty=6 blocked=1 nsteps=46 nctrl=512
  a60 status=success moves=39 steps=505 close=10 empty=2 blocked=0 nsteps=41 nctrl=505
  a61 status=success moves=43 steps=466 close=12 empty=2 blocked=0 nsteps=45 nctrl=466
  a62 status=fail moves=45 steps=600 close=9 empty=2 blocked=2 nsteps=47 nctrl=600
  a63 status=fail moves=36 steps=525 close=11 empty=1 blocked=2 nsteps=38 nctrl=525
wrote /home/chener/LIBERO/astra_eval/viz/data.js episodes 67
  a1 status=harness moves=2 steps=27 close=0 empty=0 blocked=0 nsteps=4 nctrl=0
  a2 status=fail moves=24 steps=373 close=4 empty=4 blocked=2 nsteps=26 nctrl=0
  a3 status=aborted moves=1 steps=17 close=0 empty=0 blocked=1 nsteps=2 nctrl=0
  a4 status=fail moves=27 steps=426 close=3 empty=3 blocked=8 nsteps=29 nctrl=0
  a5 status=success moves=29 steps=466 close=3 empty=0 blocked=2 nsteps=31 nctrl=0
  a6 status=fail moves=28 steps=377 close=6 empty=0 blocked=1 nsteps=30 nctrl=0
  a7 status=aborted moves=7 steps=125 close=0 empty=0 blocked=0 nsteps=8 nctrl=0
  a8 status=fail moves=30 steps=391 close=5 empty=2 blocked=2 nsteps=32 nctrl=0
  a9 status=fail moves=26 steps=302 close=8 empty=0 blocked=0 nsteps=28 nctrl=0
  a10 status=fail moves=30 steps=321 close=1 empty=0 blocked=0 nsteps=32 nctrl=0
  a11 status=aborted moves=17 steps=210 close=0 empty=0 blocked=3 nsteps=18 nctrl=210
  a12 status=fail moves=30 steps=372 close=6 empty=0 blocked=3 nsteps=32 nctrl=372
  a13 status=fail moves=15 steps=136 close=0 empty=0 blocked=0 nsteps=17 nctrl=136
  a14 status=aborted moves=0 steps=5 close=0 empty=0 blocked=0 nsteps=1 nctrl=5
  a15 status=fail moves=12 steps=166 close=2 empty=0 blocked=0 nsteps=14 nctrl=166
  a16 status=success moves=19 steps=198 close=3 empty=1 blocked=0 nsteps=21 nctrl=198
  a17 status=fail moves=25 steps=263 close=6 empty=2 blocked=0 nsteps=27 nctrl=263
  a18 status=fail moves=19 steps=455 close=2 empty=0 blocked=1 nsteps=20 nctrl=455
  a19 status=fail moves=25 steps=264 close=5 empty=2 blocked=0 nsteps=27 nctrl=264
  a20 status=success moves=21 steps=232 close=6 empty=2 blocked=0 nsteps=23 nctrl=232
  a21 status=fail moves=22 steps=193 close=2 empty=0 blocked=0 nsteps=24 nctrl=193
  a22 status=fail moves=20 steps=175 close=2 empty=0 blocked=0 nsteps=22 nctrl=175
  a23 status=fail moves=23 steps=207 close=2 empty=0 blocked=0 nsteps=25 nctrl=207
  a24 status=success moves=20 steps=186 close=4 empty=0 blocked=0 nsteps=22 nctrl=186
  a25 status=fail moves=24 steps=224 close=5 empty=0 blocked=0 nsteps=26 nctrl=224
  a26 status=success moves=25 steps=246 close=4 empty=1 blocked=0 nsteps=27 nctrl=246
  a27 status=success moves=20 steps=200 close=8 empty=0 blocked=0 nsteps=22 nctrl=200
  a28 status=fail moves=25 steps=334 close=4 empty=0 blocked=2 nsteps=27 nctrl=334
  a29 status=success moves=15 steps=145 close=4 empty=0 blocked=0 nsteps=17 nctrl=145
  a30 status=fail moves=24 steps=221 close=2 empty=0 blocked=0 nsteps=26 nctrl=221
  a31 status=success moves=21 steps=192 close=4 empty=0 blocked=0 nsteps=23 nctrl=192
  a32 status=fail moves=24 steps=239 close=4 empty=1 blocked=0 nsteps=25 nctrl=239
  a33 status=success moves=20 steps=188 close=4 empty=0 blocked=0 nsteps=22 nctrl=188
  a34 status=success moves=19 steps=177 close=4 empty=0 blocked=0 nsteps=21 nctrl=177
  a35 status=fail moves=25 steps=399 close=2 empty=1 blocked=3 nsteps=27 nctrl=399
  a36 status=fail moves=25 steps=371 close=1 empty=1 blocked=4 nsteps=27 nctrl=371
  a37 status=success moves=15 steps=145 close=4 empty=0 blocked=0 nsteps=17 nctrl=145
  a38 status=success moves=18 steps=183 close=4 empty=1 blocked=0 nsteps=20 nctrl=183
  a39 status=fail moves=25 steps=312 close=6 empty=2 blocked=2 nsteps=27 nctrl=312
  a40 status=fail moves=36 steps=372 close=6 empty=2 blocked=0 nsteps=38 nctrl=372
  a41 status=fail moves=40 steps=422 close=3 empty=0 blocked=2 nsteps=42 nctrl=422
  a42 status=fail moves=30 steps=345 close=3 empty=0 blocked=1 nsteps=32 nctrl=345
  a43 status=fail moves=30 steps=457 close=8 empty=0 blocked=2 nsteps=32 nctrl=457
  a44 status=success moves=29 steps=390 close=11 empty=0 blocked=2 nsteps=31 nctrl=390
  a45 status=success moves=14 steps=190 close=7 empty=0 blocked=0 nsteps=16 nctrl=190
  a46 status=success moves=22 steps=236 close=4 empty=1 blocked=0 nsteps=24 nctrl=236
  a47 status=success moves=30 steps=334 close=6 empty=1 blocked=0 nsteps=32 nctrl=334
  a48 status=fail moves=30 steps=452 close=5 empty=2 blocked=1 nsteps=32 nctrl=452
  a49 status=fail moves=23 steps=397 close=0 empty=0 blocked=7 nsteps=25 nctrl=397
  a50 status=fail moves=42 steps=491 close=8 empty=3 blocked=1 nsteps=44 nctrl=491
  a51 status=aborted moves=22 steps=378 close=0 empty=0 blocked=5 nsteps=23 nctrl=378
  a52 status=fail moves=50 steps=556 close=4 empty=2 blocked=0 nsteps=52 nctrl=556
  a53 status=success moves=44 steps=507 close=9 empty=4 blocked=2 nsteps=46 nctrl=507
  a54 status=success moves=47 steps=531 close=12 empty=2 blocked=0 nsteps=49 nctrl=531
  a55 status=fail moves=45 steps=600 close=4 empty=2 blocked=4 nsteps=47 nctrl=600
  a56 status=fail moves=31 steps=499 close=4 empty=1 blocked=5 nsteps=33 nctrl=499
  a57 status=fail moves=50 steps=588 close=14 empty=5 blocked=1 nsteps=52 nctrl=588
  a58 status=aborted moves=19 steps=199 close=4 empty=1 blocked=0 nsteps=20 nctrl=199
  a59 status=success moves=44 steps=512 close=11 empty=6 blocked=1 nsteps=46 nctrl=512
  a60 status=success moves=39 steps=505 close=10 empty=2 blocked=0 nsteps=41 nctrl=505
  a61 status=success moves=43 steps=466 close=12 empty=2 blocked=0 nsteps=45 nctrl=466
  a62 status=fail moves=45 steps=600 close=9 empty=2 blocked=2 nsteps=47 nctrl=600
  a63 status=fail moves=36 steps=525 close=11 empty=1 blocked=2 nsteps=38 nctrl=525
  a64 status=aborted moves=32 steps=379 close=5 empty=2 blocked=0 nsteps=33 nctrl=379
  a65 status=aborted moves=0 steps=5 close=0 empty=0 blocked=0 nsteps=1 nctrl=5
  a66 status=aborted moves=0 steps=5 close=0 empty=0 blocked=0 nsteps=1 nctrl=5
  a67 status=fail moves=45 steps=467 close=7 empty=0 blocked=1 nsteps=47 nctrl=467
wrote /home/chener/LIBERO/astra_eval/viz/data.js episodes 68
  a1 status=harness moves=2 steps=27 close=0 empty=0 blocked=0 nsteps=4 nctrl=0
  a2 status=fail moves=24 steps=373 close=4 empty=4 blocked=2 nsteps=26 nctrl=0
  a3 status=aborted moves=1 steps=17 close=0 empty=0 blocked=1 nsteps=2 nctrl=0
  a4 status=fail moves=27 steps=426 close=3 empty=3 blocked=8 nsteps=29 nctrl=0
  a5 status=success moves=29 steps=466 close=3 empty=0 blocked=2 nsteps=31 nctrl=0
  a6 status=fail moves=28 steps=377 close=6 empty=0 blocked=1 nsteps=30 nctrl=0
  a7 status=aborted moves=7 steps=125 close=0 empty=0 blocked=0 nsteps=8 nctrl=0
  a8 status=fail moves=30 steps=391 close=5 empty=2 blocked=2 nsteps=32 nctrl=0
  a9 status=fail moves=26 steps=302 close=8 empty=0 blocked=0 nsteps=28 nctrl=0
  a10 status=fail moves=30 steps=321 close=1 empty=0 blocked=0 nsteps=32 nctrl=0
  a11 status=aborted moves=17 steps=210 close=0 empty=0 blocked=3 nsteps=18 nctrl=210
  a12 status=fail moves=30 steps=372 close=6 empty=0 blocked=3 nsteps=32 nctrl=372
  a13 status=fail moves=15 steps=136 close=0 empty=0 blocked=0 nsteps=17 nctrl=136
  a14 status=aborted moves=0 steps=5 close=0 empty=0 blocked=0 nsteps=1 nctrl=5
  a15 status=fail moves=12 steps=166 close=2 empty=0 blocked=0 nsteps=14 nctrl=166
  a16 status=success moves=19 steps=198 close=3 empty=1 blocked=0 nsteps=21 nctrl=198
  a17 status=fail moves=25 steps=263 close=6 empty=2 blocked=0 nsteps=27 nctrl=263
  a18 status=fail moves=19 steps=455 close=2 empty=0 blocked=1 nsteps=20 nctrl=455
  a19 status=fail moves=25 steps=264 close=5 empty=2 blocked=0 nsteps=27 nctrl=264
  a20 status=success moves=21 steps=232 close=6 empty=2 blocked=0 nsteps=23 nctrl=232
  a21 status=fail moves=22 steps=193 close=2 empty=0 blocked=0 nsteps=24 nctrl=193
  a22 status=fail moves=20 steps=175 close=2 empty=0 blocked=0 nsteps=22 nctrl=175
  a23 status=fail moves=23 steps=207 close=2 empty=0 blocked=0 nsteps=25 nctrl=207
  a24 status=success moves=20 steps=186 close=4 empty=0 blocked=0 nsteps=22 nctrl=186
  a25 status=fail moves=24 steps=224 close=5 empty=0 blocked=0 nsteps=26 nctrl=224
  a26 status=success moves=25 steps=246 close=4 empty=1 blocked=0 nsteps=27 nctrl=246
  a27 status=success moves=20 steps=200 close=8 empty=0 blocked=0 nsteps=22 nctrl=200
  a28 status=fail moves=25 steps=334 close=4 empty=0 blocked=2 nsteps=27 nctrl=334
  a29 status=success moves=15 steps=145 close=4 empty=0 blocked=0 nsteps=17 nctrl=145
  a30 status=fail moves=24 steps=221 close=2 empty=0 blocked=0 nsteps=26 nctrl=221
  a31 status=success moves=21 steps=192 close=4 empty=0 blocked=0 nsteps=23 nctrl=192
  a32 status=fail moves=24 steps=239 close=4 empty=1 blocked=0 nsteps=25 nctrl=239
  a33 status=success moves=20 steps=188 close=4 empty=0 blocked=0 nsteps=22 nctrl=188
  a34 status=success moves=19 steps=177 close=4 empty=0 blocked=0 nsteps=21 nctrl=177
  a35 status=fail moves=25 steps=399 close=2 empty=1 blocked=3 nsteps=27 nctrl=399
  a36 status=fail moves=25 steps=371 close=1 empty=1 blocked=4 nsteps=27 nctrl=371
  a37 status=success moves=15 steps=145 close=4 empty=0 blocked=0 nsteps=17 nctrl=145
  a38 status=success moves=18 steps=183 close=4 empty=1 blocked=0 nsteps=20 nctrl=183
  a39 status=fail moves=25 steps=312 close=6 empty=2 blocked=2 nsteps=27 nctrl=312
  a40 status=fail moves=36 steps=372 close=6 empty=2 blocked=0 nsteps=38 nctrl=372
  a41 status=fail moves=40 steps=422 close=3 empty=0 blocked=2 nsteps=42 nctrl=422
  a42 status=fail moves=30 steps=345 close=3 empty=0 blocked=1 nsteps=32 nctrl=345
  a43 status=fail moves=30 steps=457 close=8 empty=0 blocked=2 nsteps=32 nctrl=457
  a44 status=success moves=29 steps=390 close=11 empty=0 blocked=2 nsteps=31 nctrl=390
  a45 status=success moves=14 steps=190 close=7 empty=0 blocked=0 nsteps=16 nctrl=190
  a46 status=success moves=22 steps=236 close=4 empty=1 blocked=0 nsteps=24 nctrl=236
  a47 status=success moves=30 steps=334 close=6 empty=1 blocked=0 nsteps=32 nctrl=334
  a48 status=fail moves=30 steps=452 close=5 empty=2 blocked=1 nsteps=32 nctrl=452
  a49 status=fail moves=23 steps=397 close=0 empty=0 blocked=7 nsteps=25 nctrl=397
  a50 status=fail moves=42 steps=491 close=8 empty=3 blocked=1 nsteps=44 nctrl=491
  a51 status=aborted moves=22 steps=378 close=0 empty=0 blocked=5 nsteps=23 nctrl=378
  a52 status=fail moves=50 steps=556 close=4 empty=2 blocked=0 nsteps=52 nctrl=556
  a53 status=success moves=44 steps=507 close=9 empty=4 blocked=2 nsteps=46 nctrl=507
  a54 status=success moves=47 steps=531 close=12 empty=2 blocked=0 nsteps=49 nctrl=531
  a55 status=fail moves=45 steps=600 close=4 empty=2 blocked=4 nsteps=47 nctrl=600
  a56 status=fail moves=31 steps=499 close=4 empty=1 blocked=5 nsteps=33 nctrl=499
  a57 status=fail moves=50 steps=588 close=14 empty=5 blocked=1 nsteps=52 nctrl=588
  a58 status=aborted moves=19 steps=199 close=4 empty=1 blocked=0 nsteps=20 nctrl=199
  a59 status=success moves=44 steps=512 close=11 empty=6 blocked=1 nsteps=46 nctrl=512
  a60 status=success moves=39 steps=505 close=10 empty=2 blocked=0 nsteps=41 nctrl=505
  a61 status=success moves=43 steps=466 close=12 empty=2 blocked=0 nsteps=45 nctrl=466
  a62 status=fail moves=45 steps=600 close=9 empty=2 blocked=2 nsteps=47 nctrl=600
  a63 status=fail moves=36 steps=525 close=11 empty=1 blocked=2 nsteps=38 nctrl=525
  a64 status=aborted moves=32 steps=379 close=5 empty=2 blocked=0 nsteps=33 nctrl=379
  a65 status=aborted moves=0 steps=5 close=0 empty=0 blocked=0 nsteps=1 nctrl=5
  a66 status=aborted moves=0 steps=5 close=0 empty=0 blocked=0 nsteps=1 nctrl=5
  a67 status=fail moves=45 steps=467 close=7 empty=0 blocked=1 nsteps=47 nctrl=467
  a68 status=success moves=28 steps=306 close=6 empty=2 blocked=0 nsteps=30 nctrl=306
wrote /home/chener/LIBERO/astra_eval/viz/data.js episodes 69
  a1 status=harness moves=2 steps=27 close=0 empty=0 blocked=0 nsteps=4 nctrl=0
  a2 status=fail moves=24 steps=373 close=4 empty=4 blocked=2 nsteps=26 nctrl=0
  a3 status=aborted moves=1 steps=17 close=0 empty=0 blocked=1 nsteps=2 nctrl=0
  a4 status=fail moves=27 steps=426 close=3 empty=3 blocked=8 nsteps=29 nctrl=0
  a5 status=success moves=29 steps=466 close=3 empty=0 blocked=2 nsteps=31 nctrl=0
  a6 status=fail moves=28 steps=377 close=6 empty=0 blocked=1 nsteps=30 nctrl=0
  a7 status=aborted moves=7 steps=125 close=0 empty=0 blocked=0 nsteps=8 nctrl=0
  a8 status=fail moves=30 steps=391 close=5 empty=2 blocked=2 nsteps=32 nctrl=0
  a9 status=fail moves=26 steps=302 close=8 empty=0 blocked=0 nsteps=28 nctrl=0
  a10 status=fail moves=30 steps=321 close=1 empty=0 blocked=0 nsteps=32 nctrl=0
  a11 status=aborted moves=17 steps=210 close=0 empty=0 blocked=3 nsteps=18 nctrl=210
  a12 status=fail moves=30 steps=372 close=6 empty=0 blocked=3 nsteps=32 nctrl=372
  a13 status=fail moves=15 steps=136 close=0 empty=0 blocked=0 nsteps=17 nctrl=136
  a14 status=aborted moves=0 steps=5 close=0 empty=0 blocked=0 nsteps=1 nctrl=5
  a15 status=fail moves=12 steps=166 close=2 empty=0 blocked=0 nsteps=14 nctrl=166
  a16 status=success moves=19 steps=198 close=3 empty=1 blocked=0 nsteps=21 nctrl=198
  a17 status=fail moves=25 steps=263 close=6 empty=2 blocked=0 nsteps=27 nctrl=263
  a18 status=fail moves=19 steps=455 close=2 empty=0 blocked=1 nsteps=20 nctrl=455
  a19 status=fail moves=25 steps=264 close=5 empty=2 blocked=0 nsteps=27 nctrl=264
  a20 status=success moves=21 steps=232 close=6 empty=2 blocked=0 nsteps=23 nctrl=232
  a21 status=fail moves=22 steps=193 close=2 empty=0 blocked=0 nsteps=24 nctrl=193
  a22 status=fail moves=20 steps=175 close=2 empty=0 blocked=0 nsteps=22 nctrl=175
  a23 status=fail moves=23 steps=207 close=2 empty=0 blocked=0 nsteps=25 nctrl=207
  a24 status=success moves=20 steps=186 close=4 empty=0 blocked=0 nsteps=22 nctrl=186
  a25 status=fail moves=24 steps=224 close=5 empty=0 blocked=0 nsteps=26 nctrl=224
  a26 status=success moves=25 steps=246 close=4 empty=1 blocked=0 nsteps=27 nctrl=246
  a27 status=success moves=20 steps=200 close=8 empty=0 blocked=0 nsteps=22 nctrl=200
  a28 status=fail moves=25 steps=334 close=4 empty=0 blocked=2 nsteps=27 nctrl=334
  a29 status=success moves=15 steps=145 close=4 empty=0 blocked=0 nsteps=17 nctrl=145
  a30 status=fail moves=24 steps=221 close=2 empty=0 blocked=0 nsteps=26 nctrl=221
  a31 status=success moves=21 steps=192 close=4 empty=0 blocked=0 nsteps=23 nctrl=192
  a32 status=fail moves=24 steps=239 close=4 empty=1 blocked=0 nsteps=25 nctrl=239
  a33 status=success moves=20 steps=188 close=4 empty=0 blocked=0 nsteps=22 nctrl=188
  a34 status=success moves=19 steps=177 close=4 empty=0 blocked=0 nsteps=21 nctrl=177
  a35 status=fail moves=25 steps=399 close=2 empty=1 blocked=3 nsteps=27 nctrl=399
  a36 status=fail moves=25 steps=371 close=1 empty=1 blocked=4 nsteps=27 nctrl=371
  a37 status=success moves=15 steps=145 close=4 empty=0 blocked=0 nsteps=17 nctrl=145
  a38 status=success moves=18 steps=183 close=4 empty=1 blocked=0 nsteps=20 nctrl=183
  a39 status=fail moves=25 steps=312 close=6 empty=2 blocked=2 nsteps=27 nctrl=312
  a40 status=fail moves=36 steps=372 close=6 empty=2 blocked=0 nsteps=38 nctrl=372
  a41 status=fail moves=40 steps=422 close=3 empty=0 blocked=2 nsteps=42 nctrl=422
  a42 status=fail moves=30 steps=345 close=3 empty=0 blocked=1 nsteps=32 nctrl=345
  a43 status=fail moves=30 steps=457 close=8 empty=0 blocked=2 nsteps=32 nctrl=457
  a44 status=success moves=29 steps=390 close=11 empty=0 blocked=2 nsteps=31 nctrl=390
  a45 status=success moves=14 steps=190 close=7 empty=0 blocked=0 nsteps=16 nctrl=190
  a46 status=success moves=22 steps=236 close=4 empty=1 blocked=0 nsteps=24 nctrl=236
  a47 status=success moves=30 steps=334 close=6 empty=1 blocked=0 nsteps=32 nctrl=334
  a48 status=fail moves=30 steps=452 close=5 empty=2 blocked=1 nsteps=32 nctrl=452
  a49 status=fail moves=23 steps=397 close=0 empty=0 blocked=7 nsteps=25 nctrl=397
  a50 status=fail moves=42 steps=491 close=8 empty=3 blocked=1 nsteps=44 nctrl=491
  a51 status=aborted moves=22 steps=378 close=0 empty=0 blocked=5 nsteps=23 nctrl=378
  a52 status=fail moves=50 steps=556 close=4 empty=2 blocked=0 nsteps=52 nctrl=556
  a53 status=success moves=44 steps=507 close=9 empty=4 blocked=2 nsteps=46 nctrl=507
  a54 status=success moves=47 steps=531 close=12 empty=2 blocked=0 nsteps=49 nctrl=531
  a55 status=fail moves=45 steps=600 close=4 empty=2 blocked=4 nsteps=47 nctrl=600
  a56 status=fail moves=31 steps=499 close=4 empty=1 blocked=5 nsteps=33 nctrl=499
  a57 status=fail moves=50 steps=588 close=14 empty=5 blocked=1 nsteps=52 nctrl=588
  a58 status=aborted moves=19 steps=199 close=4 empty=1 blocked=0 nsteps=20 nctrl=199
  a59 status=success moves=44 steps=512 close=11 empty=6 blocked=1 nsteps=46 nctrl=512
  a60 status=success moves=39 steps=505 close=10 empty=2 blocked=0 nsteps=41 nctrl=505
  a61 status=success moves=43 steps=466 close=12 empty=2 blocked=0 nsteps=45 nctrl=466
  a62 status=fail moves=45 steps=600 close=9 empty=2 blocked=2 nsteps=47 nctrl=600
  a63 status=fail moves=36 steps=525 close=11 empty=1 blocked=2 nsteps=38 nctrl=525
  a64 status=aborted moves=32 steps=379 close=5 empty=2 blocked=0 nsteps=33 nctrl=379
  a65 status=aborted moves=0 steps=5 close=0 empty=0 blocked=0 nsteps=1 nctrl=5
  a66 status=aborted moves=0 steps=5 close=0 empty=0 blocked=0 nsteps=1 nctrl=5
  a67 status=fail moves=45 steps=467 close=7 empty=0 blocked=1 nsteps=47 nctrl=467
  a68 status=success moves=28 steps=306 close=6 empty=2 blocked=0 nsteps=30 nctrl=306
  a69 status=fail moves=44 steps=464 close=7 empty=3 blocked=1 nsteps=46 nctrl=464
