wrist blue count 244
blue bbox 84 41 119 65 centroid 105.75 48.532786885245905
WRIST mean RGB grid (16x16), y down, x right
00 c2b8af bcb2a9 bab0aa bfb6b1 cec6c0 99531d 894210 9f7961 c2b8ae c5bbb2 c0b6ad c3b9b0 c7bdb3 bdb3a9 d1c7be cfc2ba
01 c2b8af bfb5ac b8aea8 c0b7b2 ccc4be 964b1c 8b4011 a28268 c5baaf c4bbb2 c3b9b0 c5bbb2 c6bcb2 bdb3a9 d0c7c0 cbc1b8
02 bfb5ac bcb2a9 b9afa9 c0b7b2 cac2bd 825253 827578 8e847e c2b6ab c3bab1 c4bab0 c7bdb3 c3b9af c0b6ac cec6bf cac0b7
03 b8aea5 bab0a7 b9afa8 bfb6b0 c7c0b9 645f65 5c5c61 6f7781 beb3a8 c0b7ae c2b8ae c4bab0 c5bbb2 beb4aa d2c9c3 cac0b7
04 bcb2a9 b9afa6 b7ada4 c1b9b0 cac5bb 87807c 70635d 968c85 beb4ab c4bab1 c1b7ae c1b7ae c2b8af c0b6ad d2c7c2 c9beb7
05 bcb2a9 b7ada4 b7ada4 c3bab1 c9c4ba bbb5ae bdb4aa c2b8af c0b6ad c7bdb4 c3b9b0 c5bbb2 c1b7ae c5bbb2 cec5bf c8bdb6
06 867f7a b1a8a0 b6ada6 c3b9b0 c7bdb5 bdb5ae bfb7ac beb5ac bdb4ab bfb6ad c2b9b0 c3b9b0 beb4ab c0b6ad cfc6bd c8beb5
07 7b7470 b6ada5 b3aba4 c3b9b0 c3b9b1 c1b8b2 bfb7ac c0b7ae bdb4ab beb5ac c2b9b0 c2b9b0 c4bab1 c1b7ae d1c8bf b3aaa2
08 756f6b b9afa7 b8aea7 c3b9b0 c3b9b0 c2bab4 bcb4ab bfb6ae beb5ac c0b7ae c3bab1 c1b7ae c5bbb2 c4bab1 cfc6bd aba49a
09 6f6a65 bfb5ab bab0a7 c0b6ad c0b7ae c0b9b2 bab1aa beb6ae c2b9b0 c2b9b0 c4bbb2 c5bcb3 c4bab1 c4bab1 d1c8bf 9a9388
10 827c77 c1b7ae b9afa8 bcb3ab bdb4ac c3bbb5 bab1aa bfb7af c5bcb3 c2b9b0 c4bbb2 c7beb5 c4bab1 c0b6ad d3cac1 868077
11 c2bab4 c1b8b3 beb6b0 c5bfb7 c8c2bb c1bbb6 bdb2ac bfb6ad c2b9b0 c3bab1 c5bcb3 c7beb5 c7bdb4 c1b7ae d2c8bf 7e7870
12 b6ada6 99928e 504e4c 454342 bdb4ab c2bcb7 c0b6b0 bfb7ad bfb6ad c0b7af c2b9b0 bdb4ac 42403e 52504d aea69f 76716a
13 3a3938 333333 4a4a4a 343434 66625e 686562 67635f 686561 686460 696562 696662 635f5c 2f2f2f 474747 2c2c2c 2d2d2c
14 333333 333333 333333 333333 333333 333333 333333 333333 333333 333333 333333 333333 333333 333333 333333 333333
15 343434 343434 343434 353535 353535 353535 353535 353535 353535 353535 353535 353535 353535 353535 353535 353535

AGENTVIEW blue
blue count 329
blue bbox x 105 198 y 44 170 cent 165.9 142.1
agent dark cent 119.5 82.4 n 1238

agent unique-ish colored blobs via simple hue
agent blue fraction by 16 rows/cols
00 0.00 0.00 0.00 0.00 0.00 0.00 0.00 0.00 0.00 0.00 0.00 0.00 0.00 0.00 0.00 0.00
01 0.00 0.00 0.00 0.00 0.00 0.00 0.00 0.00 0.00 0.00 0.00 0.00 0.00 0.00 0.00 0.00
02 0.00 0.00 0.00 0.00 0.00 0.00 0.00 0.00 0.00 0.00 0.00 0.00 0.00 0.00 0.00 0.00
03 0.00 0.00 0.00 0.00 0.00 0.00 0.00 0.00 0.00 0.00 0.00 0.00 0.00 0.00 0.00 0.00
04 0.00 0.00 0.00 0.00 0.00 0.00 0.00 0.00 0.00 0.00 0.00 0.00 0.00 0.00 0.00 0.00
05 0.00 0.00 0.00 0.00 0.00 0.00 0.00 0.00 0.00 0.00 0.00 0.00 0.00 0.00 0.00 0.00
06 0.00 0.00 0.00 0.00 0.00 0.00 0.00 0.00 0.00 0.00 0.00 0.00 0.00 0.00 0.00 0.00
07 0.00 0.00 0.00 0.00 0.00 0.00 0.03 0.04 0.00 0.00 0.00 0.18 0.20 0.00 0.00 0.00
08 0.00 0.00 0.00 0.00 0.00 0.00 0.00 0.00 0.00 0.00 0.00 0.03 0.03 0.00 0.00 0.00
09 0.00 0.00 0.00 0.00 0.00 0.00 0.00 0.00 0.00 0.39 0.16 0.03 0.05 0.00 0.00 0.00
10 0.00 0.00 0.00 0.00 0.00 0.00 0.00 0.06 0.00 0.05 0.04 0.00 0.00 0.00 0.00 0.00
11 0.00 0.00 0.00 0.00 0.00 0.00 0.00 0.00 0.00 0.00 0.00 0.00 0.00 0.00 0.00 0.00
12 0.00 0.00 0.00 0.00 0.00 0.00 0.00 0.00 0.00 0.00 0.00 0.00 0.00 0.00 0.00 0.00
13 0.00 0.00 0.00 0.00 0.00 0.00 0.00 0.00 0.00 0.00 0.00 0.00 0.00 0.00 0.00 0.00
14 0.00 0.00 0.00 0.00 0.00 0.00 0.00 0.00 0.00 0.00 0.00 0.00 0.00 0.00 0.00 0.00
15 0.00 0.00 0.00 0.00 0.00 0.00 0.00 0.00 0.00 0.00 0.00 0.00 0.00 0.00 0.00 0.00
