y\x     70      78      86      94     102     110     118     126     134     142     150     158     166     174     182     190     198
120 595652 97928d 868583 727170 6a6969 5a5b5e 807e7d 747371 807c78 614a2f 736757 8e8780 9a928d 958e87 363d3f 1b294b 73706f
126 4f4c46 aea7a0 9d9893 656361 4d5851 1c2821 817c79 88837d 9a928a 999189 948c85 958c85 9b958f 968e87 3c362b 2e3238 807c77
132 4d4a42 afa8a1 a49d98 a39b97 a29b95 a49c95 9e9690 afa9a1 9d958d 968e87 958d86 968d86 9d9690 9b938c 74624b 675237 908983
138 57544b afa6a0 a79f98 a59e96 a69e96 a39b94 9e978f ada69f 9e968e 978f88 958d86 968e86 9c9790 9d958e 8a8580 898480 99918a
144 69645c b0a8a1 aaa29a a9a199 a59e96 a49d95 a09893 ada7a1 a09993 9e9792 787679 7c7978 9e9893 99928c 3a3e44 42474d 6b6765
150 817b73 b3aba3 aca39b aaa29a a8a099 a69f98 a09892 aaa39c a29992 a19990 4e5166 585c6d 9c958d 938d85 342220 393337 686360
156 a09890 b3aba3 aca49c aba39b a79f97 a79f97 a59d95 ada59f a39b93 9e9790 63656d 555a66 9f9891 88857e 33260f 3a1504 77716b
162 b8afa8 b0a79f aca39b aea59d aca39b 968f88 89837d b0aaa2 a59d95 9d958e 847f7d 767475 a09991 80766f 27341b 1b3219 847e79
168 beb5af ada49b b0a79f aea69d ada49c 7e7673 6c514d b1aca5 a79f97 a29991 a49b94 a89f97 a39b93 9d9690 603421 503428 98918a
174 bdb6af b0a79e b4aba1 b1a99f afa69d 906c52 7e3f12 b3aca7 a79f9b a69e96 a8a098 a9a098 a7a097 aba49e a79f98 a69e96 a49d95
180 beb5ae b2a9a0 b5aca3 b3aaa1 b4aba1 715244 582c1d b7b1ac a8a09b aaa199 aea59c afa69d a8a29a a8a099 b3aca4 aca59d aea69e
186 c0b7af b4aba2 b5aba3 b3a9a1 b3aaa1 afa59c a69e96 b8b1ac ada5a0 aba29b b0a69d b1a89f aba49d a79f97 b0a9a2 a8a098 a9a199
192 bfb6ae b6ada4 b3a9a1 b1a8a0 b4aaa0 b2a9a0 aca59d b9b2ab b0a8a0 aca39b b3a69d b4a9a0 ada59c a99f97 b3aba5 a9a199 aaa199
198 bdb4ac b7aea5 b3aaa1 b2a9a0 b6aca3 b2a9a0 aba49c bab3ac b0a8a0 ada59d b6aaa0 b3a9a0 b1a89f aca39b b5aca6 aea59d aca39b
204 b9b0a7 bbb2a9 b7aea5 b6aca3 b7aea4 b4aba1 aea79e bbb4ad ada59d aea79e b3a99f b1a79e b1a89f aea59d b6ada8 aea59d afa69e

bluish count 164
bbox 106 121 194 170 cent 156.5731707317073 153.4329268292683
 y120-130 n=5 xcent=155 xrange 106-189
 y140-150 n=44 xcent=168 xrange 152-194
 y150-160 n=94 xcent=158 xrange 152-163
 y160-170 n=12 xcent=134 xrange 114-163
 y170-180 n=9 xcent=118 xrange 113-124
