
== wrist floor med [194. 184. 175.] obj frac 0.300
occupancy (fraction non-floor)
00 0.0 0.0 0.0 0.0 0.3 0.9 1.0 0.6 0.0 0.0 0.0 0.0 0.0 0.0 0.3 0.1
01 0.0 0.1 0.1 0.0 0.3 0.9 1.0 0.6 0.0 0.0 0.0 0.0 0.0 0.0 0.4 0.1
02 0.0 0.0 0.1 0.0 0.2 0.9 1.0 0.6 0.0 0.0 0.0 0.0 0.0 0.0 0.3 0.0
03 0.1 0.1 0.1 0.0 0.2 0.9 1.0 0.6 0.0 0.0 0.0 0.0 0.0 0.0 0.4 0.0
04 0.0 0.1 0.1 0.0 0.2 0.5 0.5 0.3 0.0 0.0 0.0 0.0 0.0 0.0 0.4 0.0
05 0.1 0.1 0.2 0.0 0.2 0.1 0.0 0.0 0.0 0.0 0.0 0.0 0.0 0.0 0.3 0.0
06 0.4 0.5 0.2 0.0 0.2 0.1 0.0 0.0 0.0 0.0 0.0 0.0 0.0 0.0 0.3 0.0
07 0.4 0.1 0.4 0.0 0.1 0.1 0.0 0.0 0.0 0.0 0.0 0.0 0.0 0.0 0.3 0.2
08 0.5 0.0 0.0 0.0 0.1 0.1 0.0 0.0 0.0 0.0 0.0 0.0 0.0 0.0 0.3 0.3
09 0.5 0.0 0.0 0.0 0.1 0.2 0.0 0.0 0.0 0.0 0.0 0.0 0.0 0.0 0.3 0.4
10 0.4 0.0 0.1 0.0 0.1 0.2 0.0 0.0 0.0 0.0 0.0 0.0 0.0 0.0 0.3 0.5
11 0.3 0.3 0.3 0.3 0.3 0.2 0.0 0.0 0.0 0.0 0.0 0.0 0.0 0.0 0.3 0.5
12 0.0 0.2 0.7 0.8 0.1 0.2 0.0 0.0 0.0 0.0 0.0 0.1 0.8 0.8 0.4 0.6
13 0.9 1.0 1.0 1.0 0.7 0.7 0.6 0.6 0.6 0.6 0.6 0.7 1.0 1.0 1.0 1.0
14 1.0 1.0 1.0 1.0 1.0 1.0 1.0 1.0 1.0 1.0 1.0 1.0 1.0 1.0 1.0 1.0
15 1.0 1.0 1.0 1.0 1.0 1.0 1.0 1.0 1.0 1.0 1.0 1.0 1.0 1.0 1.0 1.0

== agentview floor med [179. 170. 162.] obj frac 0.644
occupancy (fraction non-floor)
00 1.0 1.0 1.0 1.0 1.0 1.0 0.9 1.0 0.9 0.9 1.0 1.0 1.0 1.0 1.0 1.0
01 1.0 1.0 1.0 1.0 1.0 0.9 1.0 1.0 0.8 1.0 1.0 1.0 1.0 1.0 1.0 1.0
02 1.0 1.0 1.0 1.0 1.0 0.9 1.0 0.8 0.9 1.0 1.0 1.0 1.0 1.0 1.0 1.0
03 1.0 1.0 1.0 1.0 1.0 1.0 0.8 0.9 1.0 1.0 1.0 1.0 1.0 1.0 1.0 1.0
04 1.0 1.0 1.0 1.0 1.0 1.0 0.8 1.0 0.9 1.0 1.0 1.0 1.0 1.0 1.0 1.0
05 1.0 1.0 1.0 1.0 1.0 1.0 0.8 0.9 0.8 1.0 1.0 1.0 1.0 1.0 1.0 1.0
06 1.0 0.9 0.9 0.9 1.0 0.8 1.0 1.0 1.0 1.0 1.0 1.0 1.0 1.0 1.0 1.0
07 0.8 0.9 0.9 0.7 0.9 0.8 0.9 0.9 0.9 1.0 0.9 1.0 1.0 1.0 1.0 0.9
08 0.2 0.7 0.9 0.9 0.7 0.2 0.3 0.7 0.6 1.0 0.9 1.0 1.0 0.9 1.0 1.0
09 0.0 0.4 0.8 0.8 0.6 0.1 0.0 0.4 0.5 0.8 0.8 0.9 1.0 0.9 0.9 1.0
10 0.0 0.1 0.0 0.1 0.1 0.0 0.0 0.6 0.3 0.5 0.5 0.8 0.8 0.9 0.6 0.7
11 0.1 0.1 0.0 0.1 0.3 0.0 0.0 0.6 0.1 0.0 0.0 0.2 0.1 0.5 0.5 0.4
12 0.1 0.1 0.0 0.1 0.3 0.0 0.0 0.1 0.1 0.0 0.0 0.1 0.0 0.0 0.3 0.1
13 0.1 0.0 0.0 0.3 0.2 0.0 0.0 0.1 0.1 0.0 0.0 0.1 0.0 0.0 0.0 0.2
14 0.4 0.2 0.3 0.9 0.6 0.3 0.3 0.2 0.2 0.1 0.0 0.1 0.1 0.0 0.0 0.0
15 0.7 0.1 0.4 1.0 0.5 0.4 0.6 0.1 0.2 0.2 0.0 0.0 0.1 0.0 0.0 0.0
