full qpos-like first 70:
  0:  0.000000
  1:  0.017272
  2: -0.164441
  3: -0.013478
  4: -2.416757
  5: -0.014993
  6:  2.246549
  7:  0.791069
  8:  0.020833
  9: -0.020833
 10:  0.046072
 11: -0.102649
 12:  0.000000
 13:  0.000000
 14:  0.000000
 15:  0.000000
 16:  1.000000
 17: -0.008781
 18:  0.267273
 19:  0.035000
 20:  0.707107
 21:  0.000000
 22:  0.000000
 23:  0.707107
 24: -0.120000
 25: -0.240000
 26:  0.015000
 27:  0.000000
 28:  0.000000
 29:  0.707107
 30:  0.707107
 31: -0.148017
 32:  0.064627
 33:  0.035000
 34:  0.500000
 35:  0.500000
 36:  0.500000
 37:  0.500000
 38:  0.100000
 39: -0.200000
 40:  0.035000
 41:  0.000000
 42:  0.000000
 43:  0.707107
 44:  0.707107
 45:  0.152544
 46:  0.027602
 47: -0.005000
 48:  0.000000
 49:  0.000000
 50:  0.000000
 51:  1.000000
 52: -0.200000
 53: -0.080000
 54:  0.035000
 55:  0.500000
 56:  0.500000
 57:  0.500000
 58:  0.500000
 59:  0.000000
 60:  0.000000
 61:  0.000000
 62:  0.000000
 63:  0.000000
 64:  0.000000
 65:  0.000000
 66:  0.000000
 67:  0.000000
 68:  0.000000
 69:  0.000000
--- rest ---
 70:  0.000000
 71:  0.000000
 72:  0.000000
 73:  0.000000
 74:  0.000000
 75:  0.000000
 76:  0.000000
 77:  0.000000
 78:  0.000000
 79:  0.000000
 80:  0.000000
 81:  0.000000
 82:  0.000000
 83:  0.000000
 84:  0.000000
 85:  0.000000
 86:  0.000000
 87:  0.000000
 88:  0.000000
 89:  0.000000
 90:  0.000000
 91:  0.000000
 92:  0.000000
 93:  0.000000
 94:  0.000000
 95:  0.000000
 96:  0.000000
 97:  0.000000
 98:  0.000000
 99:  0.000000
100:  0.000000
101:  0.000000
102:  0.000000
103:  0.000000
104:  0.000000
105:  0.000000
106:  0.000000
107:  0.000000
108:  0.000000
109:  0.000000
