/home/chener/LIBERO/libero/libero/init_files/libero_goal/put_the_cream_cheese_in_the_bowl.pruned_init
/home/chener/LIBERO/libero/libero/init_files/libero_90/LIVING_ROOM_SCENE3_pick_up_the_cream_cheese_and_put_it_in_the_tray.pruned_init
/home/chener/LIBERO/libero/libero/init_files/libero_90/LIVING_ROOM_SCENE3_pick_up_the_cream_cheese_and_put_it_in_the_tray.init
/home/chener/LIBERO/libero/libero/init_files/libero_90/LIVING_ROOM_SCENE1_pick_up_the_cream_cheese_box_and_put_it_in_the_basket.init
/home/chener/LIBERO/libero/libero/init_files/libero_90/LIVING_ROOM_SCENE1_pick_up_the_cream_cheese_box_and_put_it_in_the_basket.pruned_init
/home/chener/LIBERO/libero/libero/init_files/libero_10/LIVING_ROOM_SCENE2_put_both_the_cream_cheese_box_and_the_butter_in_the_basket.pruned_init
/home/chener/LIBERO/libero/libero/init_files/libero_10/LIVING_ROOM_SCENE2_put_both_the_cream_cheese_box_and_the_butter_in_the_basket.init
/home/chener/LIBERO/libero/libero/init_files/libero_10/LIVING_ROOM_SCENE1_put_both_the_alphabet_soup_and_the_cream_cheese_box_in_the_basket.init
/home/chener/LIBERO/libero/libero/init_files/libero_10/LIVING_ROOM_SCENE1_put_both_the_alphabet_soup_and_the_cream_cheese_box_in_the_basket.pruned_init
/home/chener/LIBERO/libero/libero/init_files/libero_object
/home/chener/LIBERO/libero/libero/init_files/libero_object/pick_up_the_cream_cheese_and_place_it_in_the_basket.init
/home/chener/LIBERO/libero/libero/init_files/libero_object/pick_up_the_cream_cheese_and_place_it_in_the_basket.pruned_init
/home/chener/LIBERO/libero/libero/bddl_files/libero_goal/push_the_plate_to_the_front_of_the_stove.bddl
/home/chener/LIBERO/libero/libero/bddl_files/libero_goal/put_the_bowl_on_top_of_the_cabinet.bddl
/home/chener/LIBERO/libero/libero/bddl_files/libero_goal/turn_on_the_stove.bddl
/home/chener/LIBERO/libero/libero/bddl_files/libero_goal/put_the_bowl_on_the_stove.bddl
/home/chener/LIBERO/libero/libero/bddl_files/libero_goal/put_the_bowl_on_the_plate.bddl
/home/chener/LIBERO/libero/libero/bddl_files/libero_goal/put_the_wine_bottle_on_the_rack.bddl
/home/chener/LIBERO/libero/libero/bddl_files/libero_goal/open_the_top_drawer_and_put_the_bowl_inside.bddl
/home/chener/LIBERO/libero/libero/bddl_files/libero_goal/put_the_wine_bottle_on_top_of_the_cabinet.bddl
/home/chener/LIBERO/libero/libero/bddl_files/libero_goal/put_the_cream_cheese_in_the_bowl.bddl
/home/chener/LIBERO/libero/libero/bddl_files/libero_goal/open_the_middle_drawer_of_the_cabinet.bddl
/home/chener/LIBERO/libero/libero/bddl_files/libero_90/KITCHEN_SCENE5_close_the_top_drawer_of_the_cabinet.bddl
/home/chener/LIBERO/libero/libero/bddl_files/libero_90/KITCHEN_SCENE3_put_the_frying_pan_on_the_stove.bddl
/home/chener/LIBERO/libero/libero/bddl_files/libero_90/KITCHEN_SCENE6_put_the_yellow_and_white_mug_to_the_front_of_the_white_mug.bddl
/home/chener/LIBERO/libero/libero/bddl_files/libero_90/KITCHEN_SCENE3_turn_on_the_stove_and_put_the_frying_pan_on_it.bddl
/home/chener/LIBERO/libero/libero/bddl_files/libero_90/LIVING_ROOM_SCENE4_pick_up_the_chocolate_pudding_and_put_it_in_the_tray.bddl
/home/chener/LIBERO/libero/libero/bddl_files/libero_90/STUDY_SCENE2_pick_up_the_book_and_place_it_in_the_back_compartment_of_the_caddy.bddl
/home/chener/LIBERO/libero/libero/bddl_files/libero_90/LIVING_ROOM_SCENE1_pick_up_the_ketchup_and_put_it_in_the_basket.bddl
/home/chener/LIBERO/libero/libero/bddl_files/libero_90/LIVING_ROOM_SCENE5_put_the_red_mug_on_the_left_plate.bddl
/home/chener/LIBERO/libero/libero/bddl_files/libero_90/STUDY_SCENE4_pick_up_the_book_on_the_right_and_place_it_on_the_cabinet_shelf.bddl
/home/chener/LIBERO/libero/libero/bddl_files/libero_90/KITCHEN_SCENE1_open_the_top_drawer_of_the_cabinet_and_put_the_bowl_in_it.bddl
/home/chener/LIBERO/libero/libero/bddl_files/libero_90/KITCHEN_SCENE8_put_the_right_moka_pot_on_the_stove.bddl
/home/chener/LIBERO/libero/libero/bddl_files/libero_90/KITCHEN_SCENE1_open_the_top_drawer_of_the_cabinet.bddl
/home/chener/LIBERO/libero/libero/bddl_files/libero_90/LIVING_ROOM_SCENE6_put_the_chocolate_pudding_to_the_left_of_the_plate.bddl
/home/chener/LIBERO/libero/libero/bddl_files/libero_90/STUDY_SCENE3_pick_up_the_book_and_place_it_in_the_right_compartment_of_the_caddy.bddl
/home/chener/LIBERO/libero/libero/bddl_files/libero_90/KITCHEN_SCENE8_turn_off_the_stove.bddl
/home/chener/LIBERO/libero/libero/bddl_files/libero_90/STUDY_SCENE2_pick_up_the_book_and_place_it_in_the_right_compartment_of_the_caddy.bddl
/home/chener/LIBERO/libero/libero/bddl_files/libero_90/STUDY_SCENE4_pick_up_the_book_on_the_left_and_place_it_on_top_of_the_shelf.bddl
/home/chener/LIBERO/libero/libero/bddl_files/libero_90/KITCHEN_SCENE4_close_the_bottom_drawer_of_the_cabinet.bddl
/home/chener/LIBERO/libero/libero/bddl_files/libero_90/KITCHEN_SCENE5_put_the_black_bowl_in_the_top_drawer_of_the_cabinet.bddl
/home/chener/LIBERO/libero/libero/bddl_files/libero_90/KITCHEN_SCENE10_close_the_top_drawer_of_the_cabinet.bddl
/home/chener/LIBERO/libero/libero/bddl_files/libero_90/STUDY_SCENE2_pick_up_the_book_and_place_it_in_the_left_compartment_of_the_caddy.bddl
/home/chener/LIBERO/libero/libero/bddl_files/libero_90/LIVING_ROOM_SCENE3_pick_up_the_tomato_sauce_and_put_it_in_the_tray.bddl
/home/chener/LIBERO/libero/libero/bddl_files/libero_90/STUDY_SCENE1_pick_up_the_book_and_place_it_in_the_right_compartment_of_the_caddy.bddl
/home/chener/LIBERO/libero/libero/bddl_files/libero_90/KITCHEN_SCENE9_turn_on_the_stove.bddl
/home/chener/LIBERO/libero/libero/bddl_files/libero_90/KITCHEN_SCENE7_put_the_white_bowl_on_the_plate.bddl
/home/chener/LIBERO/libero/libero/bddl_files/libero_90/LIVING_ROOM_SCENE3_pick_up_the_ketchup_and_put_it_in_the_tray.bddl
/home/chener/LIBERO/libero/libero/bddl_files/libero_90/KITCHEN_SCENE5_put_the_ketchup_in_the_top_drawer_of_the_cabinet.bddl
/home/chener/LIBERO/libero/libero/bddl_files/libero_90/STUDY_SCENE1_pick_up_the_book_and_place_it_in_the_front_compartment_of_the_caddy.bddl
/home/chener/LIBERO/libero/libero/bddl_files/libero_90/LIVING_ROOM_SCENE2_pick_up_the_butter_and_put_it_in_the_basket.bddl
/home/chener/LIBERO/libero/libero/bddl_files/libero_90/LIVING_ROOM_SCENE2_pick_up_the_alphabet_soup_and_put_it_in_the_basket.bddl
/home/chener/LIBERO/libero/libero/bddl_files/libero_90/STUDY_SCENE3_pick_up_the_book_and_place_it_in_the_front_compartment_of_the_caddy.bddl
/home/chener/LIBERO/libero/libero/bddl_files/libero_90/KITCHEN_SCENE6_close_the_microwave.bddl
/home/chener/LIBERO/libero/libero/bddl_files/libero_90/KITCHEN_SCENE7_open_the_microwave.bddl
/home/chener/LIBERO/libero/libero/bddl_files/libero_90/KITCHEN_SCENE4_put_the_black_bowl_in_the_bottom_drawer_of_the_cabinet.bddl
/home/chener/LIBERO/libero/libero/bddl_files/libero_90/LIVING_ROOM_SCENE1_pick_up_the_alphabet_soup_and_put_it_in_the_basket.bddl
/home/chener/LIBERO/libero/libero/bddl_files/libero_90/STUDY_SCENE2_pick_up_the_book_and_place_it_in_the_front_compartment_of_the_caddy.bddl
/home/chener/LIBERO/libero/libero/bddl_files/libero_90/STUDY_SCENE4_pick_up_the_book_in_the_middle_and_place_it_on_the_cabinet_shelf.bddl
/home/chener/LIBERO/libero/libero/bddl_files/libero_90/KITCHEN_SCENE9_put_the_frying_pan_on_top_of_the_cabinet.bddl
/home/chener/LIBERO/libero/libero/bddl_files/libero_90/LIVING_ROOM_SCENE3_pick_up_the_alphabet_soup_and_put_it_in_the_tray.bddl
/home/chener/LIBERO/libero/libero/bddl_files/libero_90/KITCHEN_SCENE2_stack_the_black_bowl_at_the_front_on_the_black_bowl_in_the_middle.bddl
/home/chener/LIBERO/libero/libero/bddl_files/libero_90/LIVING_ROOM_SCENE4_pick_up_the_black_bowl_on_the_left_and_put_it_in_the_tray.bddl
/home/chener/LIBERO/libero/libero/bddl_files/libero_90/LIVING_ROOM_SCENE5_put_the_white_mug_on_the_left_plate.bddl
/home/chener/LIBERO/libero/libero/bddl_files/libero_90/LIVING_ROOM_SCENE2_pick_up_the_milk_and_put_it_in_the_basket.bddl
/home/chener/LIBERO/libero/libero/bddl_files/libero_90/KITCHEN_SCENE10_close_the_top_drawer_of_the_cabinet_and_put_the_black_bowl_on_top_of_it.bddl
/home/chener/LIBERO/libero/libero/bddl_files/libero_90/STUDY_SCENE3_pick_up_the_white_mug_and_place_it_to_the_right_of_the_caddy.bddl
/home/chener/LIBERO/libero/libero/bddl_files/libero_90/KITCHEN_SCENE10_put_the_butter_at_the_front_in_the_top_drawer_of_the_cabinet_and_close_it.bddl
/home/chener/LIBERO/libero/libero/bddl_files/libero_90/KITCHEN_SCENE7_put_the_white_bowl_to_the_right_of_the_plate.bddl
/home/chener/LIBERO/libero/libero/bddl_files/libero_90/STUDY_SCENE1_pick_up_the_yellow_and_white_mug_and_place_it_to_the_right_of_the_caddy.bddl
/home/chener/LIBERO/libero/libero/bddl_files/libero_90/KITCHEN_SCENE10_put_the_butter_at_the_back_in_the_top_drawer_of_the_cabinet_and_close_it.bddl
/home/chener/LIBERO/libero/libero/bddl_files/libero_90/KITCHEN_SCENE5_put_the_black_bowl_on_the_plate.bddl
/home/chener/LIBERO/libero/libero/bddl_files/libero_90/LIVING_ROOM_SCENE4_stack_the_right_bowl_on_the_left_bowl_and_place_them_in_the_tray.bddl
/home/chener/LIBERO/libero/libero/bddl_files/libero_90/KITCHEN_SCENE5_put_the_black_bowl_on_top_of_the_cabinet.bddl
/home/chener/LIBERO/libero/libero/bddl_files/libero_90/LIVING_ROOM_SCENE1_pick_up_the_cream_cheese_box_and_put_it_in_the_basket.bddl
/home/chener/LIBERO/libero/libero/bddl_files/libero_90/KITCHEN_SCENE2_put_the_black_bowl_at_the_back_on_the_plate.bddl
/home/chener/LIBERO/libero/libero/bddl_files/libero_90/KITCHEN_SCENE4_put_the_wine_bottle_on_the_wine_rack.bddl
/home/chener/LIBERO/libero/libero/bddl_files/libero_90/STUDY_SCENE4_pick_up_the_book_on_the_right_and_place_it_under_the_cabinet_shelf.bddl
/home/chener/LIBERO/libero/libero/bddl_files/libero_90/STUDY_SCENE3_pick_up_the_book_and_place_it_in_the_left_compartment_of_the_caddy.bddl
/home/chener/LIBERO/libero/libero/bddl_files/libero_90/KITCHEN_SCENE9_put_the_frying_pan_under_the_cabinet_shelf.bddl
---
/home/chener/miniconda3/pkgs/pygments-2.20.0-py314h06a4308_0/info/test/tests/snippets/csound/test_object_like_macro_definitions.txt
/home/chener/LIBERO/astra_eval/obs/state.json
