cream_cheese.mtl
cream_cheese.obj
cream_cheese.xml
hope_cream_cheese_coll.obj
texture_map.png
visual
--- mtl ---
# Blender MTL File: 'None'
# Material Count: 1

newmtl textured:_texture
Ns 0.000000
Ka 1.000000 1.000000 1.000000
Kd 0.800000 0.800000 0.800000
Ks 0.000000 0.000000 0.000000
Ke 0.000000 0.000000 0.000000
Ni 1.450000
d 1.000000
illum 1
map_Kd texture_map.png
--- find png ---
/home/chener/LIBERO/libero/libero/assets/stable_hope_objects/cream_cheese/cream_cheese.obj
/home/chener/LIBERO/libero/libero/assets/stable_hope_objects/cream_cheese/cream_cheese.xml
/home/chener/LIBERO/libero/libero/assets/stable_hope_objects/cream_cheese/visual/cream_cheese_vis.msh
/home/chener/LIBERO/libero/libero/assets/stable_hope_objects/cream_cheese/hope_cream_cheese_coll.obj
/home/chener/LIBERO/libero/libero/assets/stable_hope_objects/cream_cheese/texture_map.png
/home/chener/LIBERO/libero/libero/assets/stable_hope_objects/cream_cheese/cream_cheese.mtl
