/home/chener/LIBERO/libero/libero/init_files/libero_goal/put_the_cream_cheese_in_the_bowl.pruned_init
/home/chener/LIBERO/libero/libero/init_files/libero_90/LIVING_ROOM_SCENE3_pick_up_the_cream_cheese_and_put_it_in_the_tray.pruned_init
/home/chener/LIBERO/libero/libero/init_files/libero_90/LIVING_ROOM_SCENE3_pick_up_the_cream_cheese_and_put_it_in_the_tray.init
/home/chener/LIBERO/libero/libero/init_files/libero_90/LIVING_ROOM_SCENE1_pick_up_the_cream_cheese_box_and_put_it_in_the_basket.init
/home/chener/LIBERO/libero/libero/init_files/libero_90/LIVING_ROOM_SCENE1_pick_up_the_cream_cheese_box_and_put_it_in_the_basket.pruned_init
/home/chener/LIBERO/libero/libero/init_files/libero_10/LIVING_ROOM_SCENE2_put_both_the_cream_cheese_box_and_the_butter_in_the_basket.pruned_init
/home/chener/LIBERO/libero/libero/init_files/libero_10/LIVING_ROOM_SCENE2_put_both_the_cream_cheese_box_and_the_butter_in_the_basket.init
/home/chener/LIBERO/libero/libero/init_files/libero_10/LIVING_ROOM_SCENE1_put_both_the_alphabet_soup_and_the_cream_cheese_box_in_the_basket.init
/home/chener/LIBERO/libero/libero/init_files/libero_10/LIVING_ROOM_SCENE1_put_both_the_alphabet_soup_and_the_cream_cheese_box_in_the_basket.pruned_init
/home/chener/LIBERO/libero/libero/init_files/libero_object/pick_up_the_cream_cheese_and_place_it_in_the_basket.init
/home/chener/LIBERO/libero/libero/init_files/libero_object/pick_up_the_cream_cheese_and_place_it_in_the_basket.pruned_init
/home/chener/LIBERO/libero/libero/bddl_files/libero_goal/put_the_cream_cheese_in_the_bowl.bddl
/home/chener/LIBERO/libero/libero/bddl_files/libero_90/LIVING_ROOM_SCENE1_pick_up_the_cream_cheese_box_and_put_it_in_the_basket.bddl
/home/chener/LIBERO/libero/libero/bddl_files/libero_90/LIVING_ROOM_SCENE3_pick_up_the_cream_cheese_and_put_it_in_the_tray.bddl
/home/chener/LIBERO/libero/libero/bddl_files/libero_10/LIVING_ROOM_SCENE1_put_both_the_alphabet_soup_and_the_cream_cheese_box_in_the_basket.bddl
/home/chener/LIBERO/libero/libero/bddl_files/libero_10/LIVING_ROOM_SCENE2_put_both_the_cream_cheese_box_and_the_butter_in_the_basket.bddl
/home/chener/LIBERO/libero/libero/bddl_files/libero_object/pick_up_the_cream_cheese_and_place_it_in_the_basket.bddl
/home/chener/LIBERO/libero/libero/assets/textures/cream-plaster.png
/home/chener/LIBERO/libero/libero/assets/stable_hope_objects/cream_cheese
/home/chener/LIBERO/libero/libero/assets/stable_hope_objects/cream_cheese/cream_cheese.obj
/home/chener/LIBERO/libero/libero/assets/stable_hope_objects/cream_cheese/cream_cheese.xml
/home/chener/LIBERO/libero/libero/assets/stable_hope_objects/cream_cheese/visual/cream_cheese_vis.msh
/home/chener/LIBERO/libero/libero/assets/stable_hope_objects/cream_cheese/hope_cream_cheese_coll.obj
/home/chener/LIBERO/libero/libero/assets/stable_hope_objects/cream_cheese/cream_cheese.mtl
==== textures ====
/home/chener/LIBERO/libero/libero/init_files/libero_goal/put_the_cream_cheese_in_the_bowl.pruned_init
/home/chener/LIBERO/libero/libero/init_files/libero_90/KITCHEN_SCENE10_put_the_butter_at_the_back_in_the_top_drawer_of_the_cabinet_and_close_it.pruned_init
/home/chener/LIBERO/libero/libero/init_files/libero_90/LIVING_ROOM_SCENE3_pick_up_the_cream_cheese_and_put_it_in_the_tray.pruned_init
/home/chener/LIBERO/libero/libero/init_files/libero_90/KITCHEN_SCENE10_put_the_butter_at_the_back_in_the_top_drawer_of_the_cabinet_and_close_it.init
/home/chener/LIBERO/libero/libero/init_files/libero_90/LIVING_ROOM_SCENE3_pick_up_the_cream_cheese_and_put_it_in_the_tray.init
/home/chener/LIBERO/libero/libero/init_files/libero_90/LIVING_ROOM_SCENE2_pick_up_the_butter_and_put_it_in_the_basket.init
/home/chener/LIBERO/libero/libero/init_files/libero_90/LIVING_ROOM_SCENE3_pick_up_the_butter_and_put_it_in_the_tray.pruned_init
/home/chener/LIBERO/libero/libero/init_files/libero_90/KITCHEN_SCENE10_put_the_butter_at_the_front_in_the_top_drawer_of_the_cabinet_and_close_it.pruned_init
/home/chener/LIBERO/libero/libero/init_files/libero_90/LIVING_ROOM_SCENE3_pick_up_the_butter_and_put_it_in_the_tray.init
/home/chener/LIBERO/libero/libero/init_files/libero_90/LIVING_ROOM_SCENE1_pick_up_the_cream_cheese_box_and_put_it_in_the_basket.init
/home/chener/LIBERO/libero/libero/init_files/libero_90/KITCHEN_SCENE10_put_the_butter_at_the_front_in_the_top_drawer_of_the_cabinet_and_close_it.init
/home/chener/LIBERO/libero/libero/init_files/libero_90/LIVING_ROOM_SCENE1_pick_up_the_cream_cheese_box_and_put_it_in_the_basket.pruned_init
/home/chener/LIBERO/libero/libero/init_files/libero_90/LIVING_ROOM_SCENE2_pick_up_the_butter_and_put_it_in_the_basket.pruned_init
/home/chener/LIBERO/libero/libero/init_files/libero_10/LIVING_ROOM_SCENE2_put_both_the_cream_cheese_box_and_the_butter_in_the_basket.pruned_init
/home/chener/LIBERO/libero/libero/init_files/libero_10/LIVING_ROOM_SCENE2_put_both_the_cream_cheese_box_and_the_butter_in_the_basket.init
/home/chener/LIBERO/libero/libero/init_files/libero_10/LIVING_ROOM_SCENE1_put_both_the_alphabet_soup_and_the_cream_cheese_box_in_the_basket.init
/home/chener/LIBERO/libero/libero/init_files/libero_10/LIVING_ROOM_SCENE1_put_both_the_alphabet_soup_and_the_cream_cheese_box_in_the_basket.pruned_init
/home/chener/LIBERO/libero/libero/init_files/libero_object/pick_up_the_cream_cheese_and_place_it_in_the_basket.init
/home/chener/LIBERO/libero/libero/init_files/libero_object/pick_up_the_butter_and_place_it_in_the_basket.pruned_init
/home/chener/LIBERO/libero/libero/init_files/libero_object/pick_up_the_cream_cheese_and_place_it_in_the_basket.pruned_init
/home/chener/LIBERO/libero/libero/init_files/libero_object/pick_up_the_butter_and_place_it_in_the_basket.init
/home/chener/LIBERO/libero/libero/bddl_files/libero_goal/put_the_cream_cheese_in_the_bowl.bddl
/home/chener/LIBERO/libero/libero/bddl_files/libero_90/LIVING_ROOM_SCENE2_pick_up_the_butter_and_put_it_in_the_basket.bddl
/home/chener/LIBERO/libero/libero/bddl_files/libero_90/KITCHEN_SCENE10_put_the_butter_at_the_front_in_the_top_drawer_of_the_cabinet_and_close_it.bddl
/home/chener/LIBERO/libero/libero/bddl_files/libero_90/KITCHEN_SCENE10_put_the_butter_at_the_back_in_the_top_drawer_of_the_cabinet_and_close_it.bddl
/home/chener/LIBERO/libero/libero/bddl_files/libero_90/LIVING_ROOM_SCENE1_pick_up_the_cream_cheese_box_and_put_it_in_the_basket.bddl
/home/chener/LIBERO/libero/libero/bddl_files/libero_90/LIVING_ROOM_SCENE3_pick_up_the_cream_cheese_and_put_it_in_the_tray.bddl
/home/chener/LIBERO/libero/libero/bddl_files/libero_90/LIVING_ROOM_SCENE3_pick_up_the_butter_and_put_it_in_the_tray.bddl
/home/chener/LIBERO/libero/libero/bddl_files/libero_10/LIVING_ROOM_SCENE1_put_both_the_alphabet_soup_and_the_cream_cheese_box_in_the_basket.bddl
/home/chener/LIBERO/libero/libero/bddl_files/libero_10/LIVING_ROOM_SCENE2_put_both_the_cream_cheese_box_and_the_butter_in_the_basket.bddl
